<!doctype html public "-//w3c//dtd html 4.0 transitional//en">
<html><head>
<title>Static Call Graph - [.\Objects\Galaxy_Mouse.axf]</title></head>
<body><HR>
<H1>Static Call Graph for image .\Objects\Galaxy_Mouse.axf</H1><HR>
<BR><P>#&#060CALLGRAPH&#062# ARM Linker, 5060061: Last Updated: Sun Feb 04 19:59:19 2018
<BR><P>
<H3>Maximum Stack Usage =        184 bytes + Unknown(Functions without stacksize, Cycles, Untraceable Function Pointers)</H3><H3>
Call chain for Maximum Stack Depth:</H3>
__rt_entry_main &rArr; main &rArr; MN_LEDState &rArr; LED_Mode_Reaction &rArr; LED_ReflashPWMDuty
<P>
<H3>
Functions with no stack information
</H3><UL>
 <LI><a href="#[2d]">__user_initial_stackheap</a>
</UL>
</UL>
<P>
<H3>
Mutually Recursive functions
</H3> <LI><a href="#[6]">NMI_Handler</a>&nbsp;&nbsp;&nbsp;&rArr;&nbsp;&nbsp;&nbsp;<a href="#[6]">NMI_Handler</a><BR>
 <LI><a href="#[8]">SVC_Handler</a>&nbsp;&nbsp;&nbsp;&rArr;&nbsp;&nbsp;&nbsp;<a href="#[8]">SVC_Handler</a><BR>
 <LI><a href="#[9]">PendSV_Handler</a>&nbsp;&nbsp;&nbsp;&rArr;&nbsp;&nbsp;&nbsp;<a href="#[9]">PendSV_Handler</a><BR>
 <LI><a href="#[14]">ADC_IRQHandler</a>&nbsp;&nbsp;&nbsp;&rArr;&nbsp;&nbsp;&nbsp;<a href="#[14]">ADC_IRQHandler</a><BR>
</UL>
<P>
<H3>
Function Pointers
</H3><UL>
 <LI><a href="#[14]">ADC_IRQHandler</a> from startup_sn32f240b.o(.text) referenced from startup_sn32f240b.o(RESET)
 <LI><a href="#[12]">CT16B0_IRQHandler</a> from ct16b0.o(i.CT16B0_IRQHandler) referenced from startup_sn32f240b.o(RESET)
 <LI><a href="#[13]">CT16B1_IRQHandler</a> from ct16b1.o(i.CT16B1_IRQHandler) referenced from startup_sn32f240b.o(RESET)
 <LI><a href="#[7]">HardFault_Handler</a> from main.o(i.HardFault_Handler) referenced from startup_sn32f240b.o(RESET)
 <LI><a href="#[e]">I2C0_IRQHandler</a> from startup_sn32f240b.o(.text) referenced from startup_sn32f240b.o(RESET)
 <LI><a href="#[16]">LVD_IRQHandler</a> from startup_sn32f240b.o(.text) referenced from startup_sn32f240b.o(RESET)
 <LI><a href="#[b]">NDT_IRQHandler</a> from main.o(i.NDT_IRQHandler) referenced from startup_sn32f240b.o(RESET)
 <LI><a href="#[6]">NMI_Handler</a> from startup_sn32f240b.o(.text) referenced from startup_sn32f240b.o(RESET)
 <LI><a href="#[1a]">P0_IRQHandler</a> from startup_sn32f240b.o(.text) referenced from startup_sn32f240b.o(RESET)
 <LI><a href="#[19]">P1_IRQHandler</a> from startup_sn32f240b.o(.text) referenced from startup_sn32f240b.o(RESET)
 <LI><a href="#[18]">P2_IRQHandler</a> from usbhw.o(i.P2_IRQHandler) referenced from startup_sn32f240b.o(RESET)
 <LI><a href="#[17]">P3_IRQHandler</a> from startup_sn32f240b.o(.text) referenced from startup_sn32f240b.o(RESET)
 <LI><a href="#[9]">PendSV_Handler</a> from startup_sn32f240b.o(.text) referenced from startup_sn32f240b.o(RESET)
 <LI><a href="#[5]">Reset_Handler</a> from startup_sn32f240b.o(.text) referenced from startup_sn32f240b.o(RESET)
 <LI><a href="#[d]">SPI0_IRQHandler</a> from startup_sn32f240b.o(.text) referenced from startup_sn32f240b.o(RESET)
 <LI><a href="#[8]">SVC_Handler</a> from startup_sn32f240b.o(.text) referenced from startup_sn32f240b.o(RESET)
 <LI><a href="#[a]">SysTick_Handler</a> from main.o(i.SysTick_Handler) referenced from startup_sn32f240b.o(RESET)
 <LI><a href="#[f]">UART0_IRQHandler</a> from startup_sn32f240b.o(.text) referenced from startup_sn32f240b.o(RESET)
 <LI><a href="#[10]">UART1_IRQHandler</a> from startup_sn32f240b.o(.text) referenced from startup_sn32f240b.o(RESET)
 <LI><a href="#[11]">UART2_IRQHandler</a> from startup_sn32f240b.o(.text) referenced from startup_sn32f240b.o(RESET)
 <LI><a href="#[c]">USB_IRQHandler</a> from usbhw.o(i.USB_IRQHandler) referenced from startup_sn32f240b.o(RESET)
 <LI><a href="#[15]">WDT_IRQHandler</a> from startup_sn32f240b.o(.text) referenced from startup_sn32f240b.o(RESET)
 <LI><a href="#[1c]">__main</a> from __main.o(!!!main) referenced from startup_sn32f240b.o(.text)
</UL>
<P>
<H3>
Global Symbols
</H3>
<P><STRONG><a name="[1c]"></a>__main</STRONG> (Thumb, 8 bytes, Stack size 0 bytes, __main.o(!!!main))
<BR><BR>[Calls]<UL><LI><a href="#[1e]">&gt;&gt;</a>&nbsp;&nbsp;&nbsp;__rt_entry
<LI><a href="#[1d]">&gt;&gt;</a>&nbsp;&nbsp;&nbsp;__scatterload
</UL>

<P><STRONG><a name="[1d]"></a>__scatterload</STRONG> (Thumb, 0 bytes, Stack size unknown bytes, __scatter.o(!!!scatter))
<BR><BR>[Called By]<UL><LI><a href="#[1c]">&gt;&gt;</a>&nbsp;&nbsp;&nbsp;__main
</UL>

<P><STRONG><a name="[1f]"></a>__scatterload_rt2</STRONG> (Thumb, 52 bytes, Stack size unknown bytes, __scatter.o(!!!scatter), UNUSED)
<BR><BR>[Calls]<UL><LI><a href="#[1e]">&gt;&gt;</a>&nbsp;&nbsp;&nbsp;__rt_entry
</UL>

<P><STRONG><a name="[c7]"></a>__scatterload_rt2_thumb_only</STRONG> (Thumb, 0 bytes, Stack size unknown bytes, __scatter.o(!!!scatter), UNUSED)

<P><STRONG><a name="[c8]"></a>__scatterload_null</STRONG> (Thumb, 0 bytes, Stack size unknown bytes, __scatter.o(!!!scatter), UNUSED)

<P><STRONG><a name="[20]"></a>__scatterload_copy</STRONG> (Thumb, 26 bytes, Stack size unknown bytes, __scatter_copy.o(!!handler_copy), UNUSED)
<BR><BR>[Calls]<UL><LI><a href="#[20]">&gt;&gt;</a>&nbsp;&nbsp;&nbsp;__scatterload_copy
</UL>
<BR>[Called By]<UL><LI><a href="#[20]">&gt;&gt;</a>&nbsp;&nbsp;&nbsp;__scatterload_copy
</UL>

<P><STRONG><a name="[c9]"></a>__scatterload_zeroinit</STRONG> (Thumb, 28 bytes, Stack size unknown bytes, __scatter_zi.o(!!handler_zi), UNUSED)

<P><STRONG><a name="[24]"></a>__rt_lib_init</STRONG> (Thumb, 0 bytes, Stack size unknown bytes, libinit.o(.ARM.Collect$$libinit$$00000000))
<BR><BR>[Called By]<UL><LI><a href="#[23]">&gt;&gt;</a>&nbsp;&nbsp;&nbsp;__rt_entry_li
</UL>

<P><STRONG><a name="[ca]"></a>__rt_lib_init_alloca_1</STRONG> (Thumb, 0 bytes, Stack size unknown bytes, libinit2.o(.ARM.Collect$$libinit$$0000002E))

<P><STRONG><a name="[cb]"></a>__rt_lib_init_argv_1</STRONG> (Thumb, 0 bytes, Stack size unknown bytes, libinit2.o(.ARM.Collect$$libinit$$0000002C))

<P><STRONG><a name="[cc]"></a>__rt_lib_init_atexit_1</STRONG> (Thumb, 0 bytes, Stack size unknown bytes, libinit2.o(.ARM.Collect$$libinit$$0000001B))

<P><STRONG><a name="[cd]"></a>__rt_lib_init_clock_1</STRONG> (Thumb, 0 bytes, Stack size unknown bytes, libinit2.o(.ARM.Collect$$libinit$$00000021))

<P><STRONG><a name="[ce]"></a>__rt_lib_init_cpp_1</STRONG> (Thumb, 0 bytes, Stack size unknown bytes, libinit2.o(.ARM.Collect$$libinit$$00000032))

<P><STRONG><a name="[cf]"></a>__rt_lib_init_exceptions_1</STRONG> (Thumb, 0 bytes, Stack size unknown bytes, libinit2.o(.ARM.Collect$$libinit$$00000030))

<P><STRONG><a name="[d0]"></a>__rt_lib_init_fp_1</STRONG> (Thumb, 0 bytes, Stack size unknown bytes, libinit2.o(.ARM.Collect$$libinit$$00000002))

<P><STRONG><a name="[d1]"></a>__rt_lib_init_fp_trap_1</STRONG> (Thumb, 0 bytes, Stack size unknown bytes, libinit2.o(.ARM.Collect$$libinit$$0000001F))

<P><STRONG><a name="[d2]"></a>__rt_lib_init_getenv_1</STRONG> (Thumb, 0 bytes, Stack size unknown bytes, libinit2.o(.ARM.Collect$$libinit$$00000023))

<P><STRONG><a name="[d3]"></a>__rt_lib_init_heap_1</STRONG> (Thumb, 0 bytes, Stack size unknown bytes, libinit2.o(.ARM.Collect$$libinit$$0000000A))

<P><STRONG><a name="[d4]"></a>__rt_lib_init_lc_collate_1</STRONG> (Thumb, 0 bytes, Stack size unknown bytes, libinit2.o(.ARM.Collect$$libinit$$00000011))

<P><STRONG><a name="[d5]"></a>__rt_lib_init_lc_ctype_1</STRONG> (Thumb, 0 bytes, Stack size unknown bytes, libinit2.o(.ARM.Collect$$libinit$$00000013))

<P><STRONG><a name="[d6]"></a>__rt_lib_init_lc_monetary_1</STRONG> (Thumb, 0 bytes, Stack size unknown bytes, libinit2.o(.ARM.Collect$$libinit$$00000015))

<P><STRONG><a name="[d7]"></a>__rt_lib_init_lc_numeric_1</STRONG> (Thumb, 0 bytes, Stack size unknown bytes, libinit2.o(.ARM.Collect$$libinit$$00000017))

<P><STRONG><a name="[d8]"></a>__rt_lib_init_lc_time_1</STRONG> (Thumb, 0 bytes, Stack size unknown bytes, libinit2.o(.ARM.Collect$$libinit$$00000019))

<P><STRONG><a name="[d9]"></a>__rt_lib_init_preinit_1</STRONG> (Thumb, 0 bytes, Stack size unknown bytes, libinit2.o(.ARM.Collect$$libinit$$00000004))

<P><STRONG><a name="[da]"></a>__rt_lib_init_rand_1</STRONG> (Thumb, 0 bytes, Stack size unknown bytes, libinit2.o(.ARM.Collect$$libinit$$0000000E))

<P><STRONG><a name="[db]"></a>__rt_lib_init_return</STRONG> (Thumb, 0 bytes, Stack size unknown bytes, libinit2.o(.ARM.Collect$$libinit$$00000033))

<P><STRONG><a name="[dc]"></a>__rt_lib_init_signal_1</STRONG> (Thumb, 0 bytes, Stack size unknown bytes, libinit2.o(.ARM.Collect$$libinit$$0000001D))

<P><STRONG><a name="[dd]"></a>__rt_lib_init_stdio_1</STRONG> (Thumb, 0 bytes, Stack size unknown bytes, libinit2.o(.ARM.Collect$$libinit$$00000025))

<P><STRONG><a name="[de]"></a>__rt_lib_init_user_alloc_1</STRONG> (Thumb, 0 bytes, Stack size unknown bytes, libinit2.o(.ARM.Collect$$libinit$$0000000C))

<P><STRONG><a name="[29]"></a>__rt_lib_shutdown</STRONG> (Thumb, 0 bytes, Stack size unknown bytes, libshutdown.o(.ARM.Collect$$libshutdown$$00000000))
<BR><BR>[Called By]<UL><LI><a href="#[28]">&gt;&gt;</a>&nbsp;&nbsp;&nbsp;__rt_exit_ls
</UL>

<P><STRONG><a name="[df]"></a>__rt_lib_shutdown_cpp_1</STRONG> (Thumb, 0 bytes, Stack size unknown bytes, libshutdown2.o(.ARM.Collect$$libshutdown$$00000002))

<P><STRONG><a name="[e0]"></a>__rt_lib_shutdown_fp_trap_1</STRONG> (Thumb, 0 bytes, Stack size unknown bytes, libshutdown2.o(.ARM.Collect$$libshutdown$$00000007))

<P><STRONG><a name="[e1]"></a>__rt_lib_shutdown_heap_1</STRONG> (Thumb, 0 bytes, Stack size unknown bytes, libshutdown2.o(.ARM.Collect$$libshutdown$$0000000F))

<P><STRONG><a name="[e2]"></a>__rt_lib_shutdown_return</STRONG> (Thumb, 0 bytes, Stack size unknown bytes, libshutdown2.o(.ARM.Collect$$libshutdown$$00000010))

<P><STRONG><a name="[e3]"></a>__rt_lib_shutdown_signal_1</STRONG> (Thumb, 0 bytes, Stack size unknown bytes, libshutdown2.o(.ARM.Collect$$libshutdown$$0000000A))

<P><STRONG><a name="[e4]"></a>__rt_lib_shutdown_stdio_1</STRONG> (Thumb, 0 bytes, Stack size unknown bytes, libshutdown2.o(.ARM.Collect$$libshutdown$$00000004))

<P><STRONG><a name="[e5]"></a>__rt_lib_shutdown_user_alloc_1</STRONG> (Thumb, 0 bytes, Stack size unknown bytes, libshutdown2.o(.ARM.Collect$$libshutdown$$0000000C))

<P><STRONG><a name="[1e]"></a>__rt_entry</STRONG> (Thumb, 0 bytes, Stack size unknown bytes, __rtentry.o(.ARM.Collect$$rtentry$$00000000))
<BR><BR>[Called By]<UL><LI><a href="#[1c]">&gt;&gt;</a>&nbsp;&nbsp;&nbsp;__main
<LI><a href="#[1f]">&gt;&gt;</a>&nbsp;&nbsp;&nbsp;__scatterload_rt2
</UL>

<P><STRONG><a name="[e6]"></a>__rt_entry_presh_1</STRONG> (Thumb, 0 bytes, Stack size unknown bytes, __rtentry2.o(.ARM.Collect$$rtentry$$00000002))

<P><STRONG><a name="[21]"></a>__rt_entry_sh</STRONG> (Thumb, 0 bytes, Stack size unknown bytes, __rtentry4.o(.ARM.Collect$$rtentry$$00000004))
<BR><BR>[Stack]<UL><LI>Max Depth = 8 + Unknown Stack Size
<LI>Call Chain = __rt_entry_sh &rArr; __user_setup_stackheap
</UL>
<BR>[Calls]<UL><LI><a href="#[22]">&gt;&gt;</a>&nbsp;&nbsp;&nbsp;__user_setup_stackheap
</UL>

<P><STRONG><a name="[23]"></a>__rt_entry_li</STRONG> (Thumb, 0 bytes, Stack size unknown bytes, __rtentry2.o(.ARM.Collect$$rtentry$$0000000A))
<BR><BR>[Calls]<UL><LI><a href="#[24]">&gt;&gt;</a>&nbsp;&nbsp;&nbsp;__rt_lib_init
</UL>

<P><STRONG><a name="[e7]"></a>__rt_entry_postsh_1</STRONG> (Thumb, 0 bytes, Stack size unknown bytes, __rtentry2.o(.ARM.Collect$$rtentry$$00000009))

<P><STRONG><a name="[25]"></a>__rt_entry_main</STRONG> (Thumb, 0 bytes, Stack size unknown bytes, __rtentry2.o(.ARM.Collect$$rtentry$$0000000D))
<BR><BR>[Stack]<UL><LI>Max Depth = 184 + Unknown Stack Size
<LI>Call Chain = __rt_entry_main &rArr; main &rArr; MN_LEDState &rArr; LED_Mode_Reaction &rArr; LED_ReflashPWMDuty
</UL>
<BR>[Calls]<UL><LI><a href="#[27]">&gt;&gt;</a>&nbsp;&nbsp;&nbsp;exit
<LI><a href="#[26]">&gt;&gt;</a>&nbsp;&nbsp;&nbsp;main
</UL>

<P><STRONG><a name="[e8]"></a>__rt_entry_postli_1</STRONG> (Thumb, 0 bytes, Stack size unknown bytes, __rtentry2.o(.ARM.Collect$$rtentry$$0000000C))

<P><STRONG><a name="[2f]"></a>__rt_exit</STRONG> (Thumb, 0 bytes, Stack size unknown bytes, rtexit.o(.ARM.Collect$$rtexit$$00000000))
<BR><BR>[Called By]<UL><LI><a href="#[27]">&gt;&gt;</a>&nbsp;&nbsp;&nbsp;exit
</UL>

<P><STRONG><a name="[28]"></a>__rt_exit_ls</STRONG> (Thumb, 0 bytes, Stack size unknown bytes, rtexit2.o(.ARM.Collect$$rtexit$$00000003))
<BR><BR>[Calls]<UL><LI><a href="#[29]">&gt;&gt;</a>&nbsp;&nbsp;&nbsp;__rt_lib_shutdown
</UL>

<P><STRONG><a name="[e9]"></a>__rt_exit_prels_1</STRONG> (Thumb, 0 bytes, Stack size unknown bytes, rtexit2.o(.ARM.Collect$$rtexit$$00000002))

<P><STRONG><a name="[2a]"></a>__rt_exit_exit</STRONG> (Thumb, 0 bytes, Stack size unknown bytes, rtexit2.o(.ARM.Collect$$rtexit$$00000004))
<BR><BR>[Calls]<UL><LI><a href="#[2b]">&gt;&gt;</a>&nbsp;&nbsp;&nbsp;_sys_exit
</UL>

<P><STRONG><a name="[91]"></a>Goto_Bootloader</STRONG> (Thumb, 8 bytes, Stack size 0 bytes, usbuser.o(.emb_text))
<BR><BR>[Called By]<UL><LI><a href="#[90]">&gt;&gt;</a>&nbsp;&nbsp;&nbsp;USB_EP0InEvent
</UL>

<P><STRONG><a name="[58]"></a>__aeabi_memcpy4</STRONG> (Thumb, 56 bytes, Stack size 0 bytes, rt_memcpy.o(.emb_text))
<BR><BR>[Called By]<UL><LI><a href="#[57]">&gt;&gt;</a>&nbsp;&nbsp;&nbsp;LED_Mode_Reaction
</UL>

<P><STRONG><a name="[ea]"></a>__aeabi_memcpy8</STRONG> (Thumb, 0 bytes, Stack size 0 bytes, rt_memcpy.o(.emb_text), UNUSED)

<P><STRONG><a name="[5]"></a>Reset_Handler</STRONG> (Thumb, 4 bytes, Stack size 0 bytes, startup_sn32f240b.o(.text))
<BR>[Address Reference Count : 1]<UL><LI> startup_sn32f240b.o(RESET)
</UL>
<P><STRONG><a name="[6]"></a>NMI_Handler</STRONG> (Thumb, 2 bytes, Stack size 0 bytes, startup_sn32f240b.o(.text))
<BR><BR>[Calls]<UL><LI><a href="#[6]">&gt;&gt;</a>&nbsp;&nbsp;&nbsp;NMI_Handler
</UL>
<BR>[Called By]<UL><LI><a href="#[6]">&gt;&gt;</a>&nbsp;&nbsp;&nbsp;NMI_Handler
</UL>
<BR>[Address Reference Count : 1]<UL><LI> startup_sn32f240b.o(RESET)
</UL>
<P><STRONG><a name="[8]"></a>SVC_Handler</STRONG> (Thumb, 2 bytes, Stack size 0 bytes, startup_sn32f240b.o(.text))
<BR><BR>[Calls]<UL><LI><a href="#[8]">&gt;&gt;</a>&nbsp;&nbsp;&nbsp;SVC_Handler
</UL>
<BR>[Called By]<UL><LI><a href="#[8]">&gt;&gt;</a>&nbsp;&nbsp;&nbsp;SVC_Handler
</UL>
<BR>[Address Reference Count : 1]<UL><LI> startup_sn32f240b.o(RESET)
</UL>
<P><STRONG><a name="[9]"></a>PendSV_Handler</STRONG> (Thumb, 2 bytes, Stack size 0 bytes, startup_sn32f240b.o(.text))
<BR><BR>[Calls]<UL><LI><a href="#[9]">&gt;&gt;</a>&nbsp;&nbsp;&nbsp;PendSV_Handler
</UL>
<BR>[Called By]<UL><LI><a href="#[9]">&gt;&gt;</a>&nbsp;&nbsp;&nbsp;PendSV_Handler
</UL>
<BR>[Address Reference Count : 1]<UL><LI> startup_sn32f240b.o(RESET)
</UL>
<P><STRONG><a name="[14]"></a>ADC_IRQHandler</STRONG> (Thumb, 0 bytes, Stack size 0 bytes, startup_sn32f240b.o(.text))
<BR><BR>[Calls]<UL><LI><a href="#[14]">&gt;&gt;</a>&nbsp;&nbsp;&nbsp;ADC_IRQHandler
</UL>
<BR>[Called By]<UL><LI><a href="#[14]">&gt;&gt;</a>&nbsp;&nbsp;&nbsp;ADC_IRQHandler
</UL>
<BR>[Address Reference Count : 1]<UL><LI> startup_sn32f240b.o(RESET)
</UL>
<P><STRONG><a name="[e]"></a>I2C0_IRQHandler</STRONG> (Thumb, 0 bytes, Stack size 0 bytes, startup_sn32f240b.o(.text))
<BR>[Address Reference Count : 1]<UL><LI> startup_sn32f240b.o(RESET)
</UL>
<P><STRONG><a name="[16]"></a>LVD_IRQHandler</STRONG> (Thumb, 0 bytes, Stack size 0 bytes, startup_sn32f240b.o(.text))
<BR>[Address Reference Count : 1]<UL><LI> startup_sn32f240b.o(RESET)
</UL>
<P><STRONG><a name="[1a]"></a>P0_IRQHandler</STRONG> (Thumb, 0 bytes, Stack size 0 bytes, startup_sn32f240b.o(.text))
<BR>[Address Reference Count : 1]<UL><LI> startup_sn32f240b.o(RESET)
</UL>
<P><STRONG><a name="[19]"></a>P1_IRQHandler</STRONG> (Thumb, 0 bytes, Stack size 0 bytes, startup_sn32f240b.o(.text))
<BR>[Address Reference Count : 1]<UL><LI> startup_sn32f240b.o(RESET)
</UL>
<P><STRONG><a name="[17]"></a>P3_IRQHandler</STRONG> (Thumb, 0 bytes, Stack size 0 bytes, startup_sn32f240b.o(.text))
<BR>[Address Reference Count : 1]<UL><LI> startup_sn32f240b.o(RESET)
</UL>
<P><STRONG><a name="[d]"></a>SPI0_IRQHandler</STRONG> (Thumb, 0 bytes, Stack size 0 bytes, startup_sn32f240b.o(.text))
<BR>[Address Reference Count : 1]<UL><LI> startup_sn32f240b.o(RESET)
</UL>
<P><STRONG><a name="[f]"></a>UART0_IRQHandler</STRONG> (Thumb, 0 bytes, Stack size 0 bytes, startup_sn32f240b.o(.text))
<BR>[Address Reference Count : 1]<UL><LI> startup_sn32f240b.o(RESET)
</UL>
<P><STRONG><a name="[10]"></a>UART1_IRQHandler</STRONG> (Thumb, 0 bytes, Stack size 0 bytes, startup_sn32f240b.o(.text))
<BR>[Address Reference Count : 1]<UL><LI> startup_sn32f240b.o(RESET)
</UL>
<P><STRONG><a name="[11]"></a>UART2_IRQHandler</STRONG> (Thumb, 0 bytes, Stack size 0 bytes, startup_sn32f240b.o(.text))
<BR>[Address Reference Count : 1]<UL><LI> startup_sn32f240b.o(RESET)
</UL>
<P><STRONG><a name="[15]"></a>WDT_IRQHandler</STRONG> (Thumb, 0 bytes, Stack size 0 bytes, startup_sn32f240b.o(.text))
<BR>[Address Reference Count : 1]<UL><LI> startup_sn32f240b.o(RESET)
</UL>
<P><STRONG><a name="[2d]"></a>__user_initial_stackheap</STRONG> (Thumb, 0 bytes, Stack size unknown bytes, startup_sn32f240b.o(.text))
<BR><BR>[Called By]<UL><LI><a href="#[22]">&gt;&gt;</a>&nbsp;&nbsp;&nbsp;__user_setup_stackheap
</UL>

<P><STRONG><a name="[eb]"></a>__aeabi_uidiv</STRONG> (Thumb, 0 bytes, Stack size 0 bytes, aeabi_sdiv.o(.text), UNUSED)

<P><STRONG><a name="[8e]"></a>__aeabi_uidivmod</STRONG> (Thumb, 20 bytes, Stack size 0 bytes, aeabi_sdiv.o(.text))
<BR><BR>[Called By]<UL><LI><a href="#[8d]">&gt;&gt;</a>&nbsp;&nbsp;&nbsp;SystemCoreClockUpdate
</UL>

<P><STRONG><a name="[ec]"></a>__aeabi_idiv</STRONG> (Thumb, 0 bytes, Stack size 8 bytes, aeabi_sdiv.o(.text), UNUSED)

<P><STRONG><a name="[c3]"></a>__aeabi_idivmod</STRONG> (Thumb, 326 bytes, Stack size 8 bytes, aeabi_sdiv.o(.text))
<BR><BR>[Stack]<UL><LI>Max Depth = 8<LI>Call Chain = __aeabi_idivmod
</UL>
<BR>[Called By]<UL><LI><a href="#[7d]">&gt;&gt;</a>&nbsp;&nbsp;&nbsp;setResolution
<LI><a href="#[c2]">&gt;&gt;</a>&nbsp;&nbsp;&nbsp;processDeviceInfoCommand
</UL>

<P><STRONG><a name="[ed]"></a>__use_two_region_memory</STRONG> (Thumb, 2 bytes, Stack size 0 bytes, heapauxi.o(.text), UNUSED)

<P><STRONG><a name="[ee]"></a>__rt_heap_escrow$2region</STRONG> (Thumb, 2 bytes, Stack size 0 bytes, heapauxi.o(.text), UNUSED)

<P><STRONG><a name="[ef]"></a>__rt_heap_expand$2region</STRONG> (Thumb, 2 bytes, Stack size 0 bytes, heapauxi.o(.text), UNUSED)

<P><STRONG><a name="[22]"></a>__user_setup_stackheap</STRONG> (Thumb, 62 bytes, Stack size 8 bytes, sys_stackheap_outer.o(.text))
<BR><BR>[Stack]<UL><LI>Max Depth = 8 + Unknown Stack Size
<LI>Call Chain = __user_setup_stackheap
</UL>
<BR>[Calls]<UL><LI><a href="#[2c]">&gt;&gt;</a>&nbsp;&nbsp;&nbsp;__user_perproc_libspace
<LI><a href="#[2d]">&gt;&gt;</a>&nbsp;&nbsp;&nbsp;__user_initial_stackheap
</UL>
<BR>[Called By]<UL><LI><a href="#[21]">&gt;&gt;</a>&nbsp;&nbsp;&nbsp;__rt_entry_sh
</UL>

<P><STRONG><a name="[27]"></a>exit</STRONG> (Thumb, 16 bytes, Stack size 8 bytes, exit.o(.text))
<BR><BR>[Stack]<UL><LI>Max Depth = 8 + Unknown Stack Size
<LI>Call Chain = exit
</UL>
<BR>[Calls]<UL><LI><a href="#[2f]">&gt;&gt;</a>&nbsp;&nbsp;&nbsp;__rt_exit
<LI><a href="#[2e]">&gt;&gt;</a>&nbsp;&nbsp;&nbsp;_call_atexit_fns (Weak Reference)
</UL>
<BR>[Called By]<UL><LI><a href="#[25]">&gt;&gt;</a>&nbsp;&nbsp;&nbsp;__rt_entry_main
</UL>

<P><STRONG><a name="[f0]"></a>__user_libspace</STRONG> (Thumb, 8 bytes, Stack size 0 bytes, libspace.o(.text), UNUSED)

<P><STRONG><a name="[2c]"></a>__user_perproc_libspace</STRONG> (Thumb, 0 bytes, Stack size 0 bytes, libspace.o(.text))
<BR><BR>[Called By]<UL><LI><a href="#[22]">&gt;&gt;</a>&nbsp;&nbsp;&nbsp;__user_setup_stackheap
</UL>

<P><STRONG><a name="[f1]"></a>__user_perthread_libspace</STRONG> (Thumb, 0 bytes, Stack size 0 bytes, libspace.o(.text), UNUSED)

<P><STRONG><a name="[2b]"></a>_sys_exit</STRONG> (Thumb, 8 bytes, Stack size 0 bytes, sys_exit.o(.text))
<BR><BR>[Called By]<UL><LI><a href="#[2a]">&gt;&gt;</a>&nbsp;&nbsp;&nbsp;__rt_exit_exit
</UL>

<P><STRONG><a name="[f2]"></a>__I$use$semihosting</STRONG> (Thumb, 0 bytes, Stack size 0 bytes, use_no_semi.o(.text), UNUSED)

<P><STRONG><a name="[f3]"></a>__use_no_semihosting_swi</STRONG> (Thumb, 2 bytes, Stack size 0 bytes, use_no_semi.o(.text), UNUSED)

<P><STRONG><a name="[f4]"></a>__semihosting_library_function</STRONG> (Thumb, 0 bytes, Stack size unknown bytes, indicate_semi.o(.text), UNUSED)

<P><STRONG><a name="[85]"></a>CT16B0_Disable</STRONG> (Thumb, 26 bytes, Stack size 0 bytes, ct16b0.o(i.CT16B0_Disable))
<BR><BR>[Called By]<UL><LI><a href="#[5e]">&gt;&gt;</a>&nbsp;&nbsp;&nbsp;MS_SuspendSetting
</UL>

<P><STRONG><a name="[12]"></a>CT16B0_IRQHandler</STRONG> (Thumb, 292 bytes, Stack size 0 bytes, ct16b0.o(i.CT16B0_IRQHandler))
<BR>[Address Reference Count : 1]<UL><LI> startup_sn32f240b.o(RESET)
</UL>
<P><STRONG><a name="[30]"></a>CT16B0_Init</STRONG> (Thumb, 78 bytes, Stack size 8 bytes, ct16b0.o(i.CT16B0_Init))
<BR><BR>[Stack]<UL><LI>Max Depth = 8<LI>Call Chain = CT16B0_Init
</UL>
<BR>[Calls]<UL><LI><a href="#[32]">&gt;&gt;</a>&nbsp;&nbsp;&nbsp;__NVIC_EnableIRQ
<LI><a href="#[31]">&gt;&gt;</a>&nbsp;&nbsp;&nbsp;__NVIC_ClearPendingIRQ
</UL>
<BR>[Called By]<UL><LI><a href="#[78]">&gt;&gt;</a>&nbsp;&nbsp;&nbsp;MS_TimerInit
</UL>

<P><STRONG><a name="[84]"></a>CT16B1_Disable</STRONG> (Thumb, 24 bytes, Stack size 0 bytes, ct16b1.o(i.CT16B1_Disable))
<BR><BR>[Called By]<UL><LI><a href="#[5e]">&gt;&gt;</a>&nbsp;&nbsp;&nbsp;MS_SuspendSetting
</UL>

<P><STRONG><a name="[13]"></a>CT16B1_IRQHandler</STRONG> (Thumb, 148 bytes, Stack size 0 bytes, ct16b1.o(i.CT16B1_IRQHandler))
<BR>[Address Reference Count : 1]<UL><LI> startup_sn32f240b.o(RESET)
</UL>
<P><STRONG><a name="[61]"></a>CT16B1_Init</STRONG> (Thumb, 208 bytes, Stack size 0 bytes, ct16b1.o(i.CT16B1_Init))
<BR><BR>[Called By]<UL><LI><a href="#[5c]">&gt;&gt;</a>&nbsp;&nbsp;&nbsp;MN_BootState
<LI><a href="#[26]">&gt;&gt;</a>&nbsp;&nbsp;&nbsp;main
</UL>

<P><STRONG><a name="[33]"></a>FLASH_Program</STRONG> (Thumb, 84 bytes, Stack size 24 bytes, flashprg.o(i.FLASH_Program))
<BR><BR>[Stack]<UL><LI>Max Depth = 32<LI>Call Chain = FLASH_Program &rArr; FLASH_ProgramPage
</UL>
<BR>[Calls]<UL><LI><a href="#[34]">&gt;&gt;</a>&nbsp;&nbsp;&nbsp;FLASH_ProgramPage
</UL>
<BR>[Called By]<UL><LI><a href="#[67]">&gt;&gt;</a>&nbsp;&nbsp;&nbsp;processVariableUpdate
</UL>

<P><STRONG><a name="[34]"></a>FLASH_ProgramPage</STRONG> (Thumb, 110 bytes, Stack size 8 bytes, flashprg.o(i.FLASH_ProgramPage))
<BR><BR>[Stack]<UL><LI>Max Depth = 8<LI>Call Chain = FLASH_ProgramPage
</UL>
<BR>[Called By]<UL><LI><a href="#[33]">&gt;&gt;</a>&nbsp;&nbsp;&nbsp;FLASH_Program
</UL>

<P><STRONG><a name="[35]"></a>HID_GetIdleEvent</STRONG> (Thumb, 78 bytes, Stack size 8 bytes, hiduser.o(i.HID_GetIdleEvent))
<BR><BR>[Stack]<UL><LI>Max Depth = 16<LI>Call Chain = HID_GetIdleEvent &rArr; USB_EPnAck
</UL>
<BR>[Calls]<UL><LI><a href="#[36]">&gt;&gt;</a>&nbsp;&nbsp;&nbsp;fnUSBINT_WriteFIFO
<LI><a href="#[38]">&gt;&gt;</a>&nbsp;&nbsp;&nbsp;USB_EPnStall
<LI><a href="#[37]">&gt;&gt;</a>&nbsp;&nbsp;&nbsp;USB_EPnAck
</UL>
<BR>[Called By]<UL><LI><a href="#[97]">&gt;&gt;</a>&nbsp;&nbsp;&nbsp;USB_HIDRequest
</UL>

<P><STRONG><a name="[39]"></a>HID_GetProtocolEvent</STRONG> (Thumb, 82 bytes, Stack size 8 bytes, hiduser.o(i.HID_GetProtocolEvent))
<BR><BR>[Stack]<UL><LI>Max Depth = 16<LI>Call Chain = HID_GetProtocolEvent &rArr; USB_EPnAck
</UL>
<BR>[Calls]<UL><LI><a href="#[36]">&gt;&gt;</a>&nbsp;&nbsp;&nbsp;fnUSBINT_WriteFIFO
<LI><a href="#[38]">&gt;&gt;</a>&nbsp;&nbsp;&nbsp;USB_EPnStall
<LI><a href="#[37]">&gt;&gt;</a>&nbsp;&nbsp;&nbsp;USB_EPnAck
</UL>
<BR>[Called By]<UL><LI><a href="#[97]">&gt;&gt;</a>&nbsp;&nbsp;&nbsp;USB_HIDRequest
</UL>

<P><STRONG><a name="[3a]"></a>HID_GetReportEvent</STRONG> (Thumb, 108 bytes, Stack size 8 bytes, hiduser.o(i.HID_GetReportEvent))
<BR><BR>[Stack]<UL><LI>Max Depth = 60<LI>Call Chain = HID_GetReportEvent &rArr; HID_GetReportFeatureEvent &rArr; USB_TableTransmit &rArr; USB_Comb_Bytetoword
</UL>
<BR>[Calls]<UL><LI><a href="#[38]">&gt;&gt;</a>&nbsp;&nbsp;&nbsp;USB_EPnStall
<LI><a href="#[3c]">&gt;&gt;</a>&nbsp;&nbsp;&nbsp;HID_GetReportOutputEvent
<LI><a href="#[3e]">&gt;&gt;</a>&nbsp;&nbsp;&nbsp;HID_GetReportInputIF1Event
<LI><a href="#[3b]">&gt;&gt;</a>&nbsp;&nbsp;&nbsp;HID_GetReportInputEvent
<LI><a href="#[3d]">&gt;&gt;</a>&nbsp;&nbsp;&nbsp;HID_GetReportFeatureEvent
</UL>
<BR>[Called By]<UL><LI><a href="#[97]">&gt;&gt;</a>&nbsp;&nbsp;&nbsp;USB_HIDRequest
</UL>

<P><STRONG><a name="[3d]"></a>HID_GetReportFeatureEvent</STRONG> (Thumb, 54 bytes, Stack size 8 bytes, hiduser.o(i.HID_GetReportFeatureEvent))
<BR><BR>[Stack]<UL><LI>Max Depth = 52<LI>Call Chain = HID_GetReportFeatureEvent &rArr; USB_TableTransmit &rArr; USB_Comb_Bytetoword
</UL>
<BR>[Calls]<UL><LI><a href="#[3f]">&gt;&gt;</a>&nbsp;&nbsp;&nbsp;USB_TableTransmit
<LI><a href="#[37]">&gt;&gt;</a>&nbsp;&nbsp;&nbsp;USB_EPnAck
</UL>
<BR>[Called By]<UL><LI><a href="#[3a]">&gt;&gt;</a>&nbsp;&nbsp;&nbsp;HID_GetReportEvent
</UL>

<P><STRONG><a name="[3b]"></a>HID_GetReportInputEvent</STRONG> (Thumb, 32 bytes, Stack size 8 bytes, hiduser.o(i.HID_GetReportInputEvent))
<BR><BR>[Stack]<UL><LI>Max Depth = 16<LI>Call Chain = HID_GetReportInputEvent &rArr; USB_EPnAck
</UL>
<BR>[Calls]<UL><LI><a href="#[37]">&gt;&gt;</a>&nbsp;&nbsp;&nbsp;USB_EPnAck
</UL>
<BR>[Called By]<UL><LI><a href="#[3a]">&gt;&gt;</a>&nbsp;&nbsp;&nbsp;HID_GetReportEvent
</UL>

<P><STRONG><a name="[3e]"></a>HID_GetReportInputIF1Event</STRONG> (Thumb, 32 bytes, Stack size 8 bytes, hiduser.o(i.HID_GetReportInputIF1Event))
<BR><BR>[Stack]<UL><LI>Max Depth = 16<LI>Call Chain = HID_GetReportInputIF1Event &rArr; USB_EPnAck
</UL>
<BR>[Calls]<UL><LI><a href="#[37]">&gt;&gt;</a>&nbsp;&nbsp;&nbsp;USB_EPnAck
</UL>
<BR>[Called By]<UL><LI><a href="#[3a]">&gt;&gt;</a>&nbsp;&nbsp;&nbsp;HID_GetReportEvent
</UL>

<P><STRONG><a name="[3c]"></a>HID_GetReportOutputEvent</STRONG> (Thumb, 36 bytes, Stack size 8 bytes, hiduser.o(i.HID_GetReportOutputEvent))
<BR><BR>[Stack]<UL><LI>Max Depth = 16<LI>Call Chain = HID_GetReportOutputEvent &rArr; USB_EPnAck
</UL>
<BR>[Calls]<UL><LI><a href="#[36]">&gt;&gt;</a>&nbsp;&nbsp;&nbsp;fnUSBINT_WriteFIFO
<LI><a href="#[37]">&gt;&gt;</a>&nbsp;&nbsp;&nbsp;USB_EPnAck
</UL>
<BR>[Called By]<UL><LI><a href="#[3a]">&gt;&gt;</a>&nbsp;&nbsp;&nbsp;HID_GetReportEvent
</UL>

<P><STRONG><a name="[40]"></a>HID_SetIdleEvent</STRONG> (Thumb, 72 bytes, Stack size 8 bytes, hiduser.o(i.HID_SetIdleEvent))
<BR><BR>[Stack]<UL><LI>Max Depth = 16<LI>Call Chain = HID_SetIdleEvent &rArr; USB_EPnAck
</UL>
<BR>[Calls]<UL><LI><a href="#[38]">&gt;&gt;</a>&nbsp;&nbsp;&nbsp;USB_EPnStall
<LI><a href="#[37]">&gt;&gt;</a>&nbsp;&nbsp;&nbsp;USB_EPnAck
</UL>
<BR>[Called By]<UL><LI><a href="#[97]">&gt;&gt;</a>&nbsp;&nbsp;&nbsp;USB_HIDRequest
</UL>

<P><STRONG><a name="[41]"></a>HID_SetProtocolEvent</STRONG> (Thumb, 96 bytes, Stack size 8 bytes, hiduser.o(i.HID_SetProtocolEvent))
<BR><BR>[Stack]<UL><LI>Max Depth = 16<LI>Call Chain = HID_SetProtocolEvent &rArr; USB_EPnAck
</UL>
<BR>[Calls]<UL><LI><a href="#[38]">&gt;&gt;</a>&nbsp;&nbsp;&nbsp;USB_EPnStall
<LI><a href="#[37]">&gt;&gt;</a>&nbsp;&nbsp;&nbsp;USB_EPnAck
</UL>
<BR>[Called By]<UL><LI><a href="#[97]">&gt;&gt;</a>&nbsp;&nbsp;&nbsp;USB_HIDRequest
</UL>

<P><STRONG><a name="[42]"></a>HID_SetReportEvent</STRONG> (Thumb, 86 bytes, Stack size 8 bytes, hiduser.o(i.HID_SetReportEvent))
<BR><BR>[Stack]<UL><LI>Max Depth = 24<LI>Call Chain = HID_SetReportEvent &rArr; HID_SetReportOutputEvent &rArr; USB_EPnAck
</UL>
<BR>[Calls]<UL><LI><a href="#[38]">&gt;&gt;</a>&nbsp;&nbsp;&nbsp;USB_EPnStall
<LI><a href="#[43]">&gt;&gt;</a>&nbsp;&nbsp;&nbsp;HID_SetReportOutputEvent
<LI><a href="#[44]">&gt;&gt;</a>&nbsp;&nbsp;&nbsp;HID_SetReportFeatureEvent
</UL>
<BR>[Called By]<UL><LI><a href="#[97]">&gt;&gt;</a>&nbsp;&nbsp;&nbsp;USB_HIDRequest
</UL>

<P><STRONG><a name="[44]"></a>HID_SetReportFeatureEvent</STRONG> (Thumb, 18 bytes, Stack size 8 bytes, hiduser.o(i.HID_SetReportFeatureEvent))
<BR><BR>[Stack]<UL><LI>Max Depth = 16<LI>Call Chain = HID_SetReportFeatureEvent &rArr; USB_EPnAck
</UL>
<BR>[Calls]<UL><LI><a href="#[37]">&gt;&gt;</a>&nbsp;&nbsp;&nbsp;USB_EPnAck
</UL>
<BR>[Called By]<UL><LI><a href="#[42]">&gt;&gt;</a>&nbsp;&nbsp;&nbsp;HID_SetReportEvent
</UL>

<P><STRONG><a name="[43]"></a>HID_SetReportOutputEvent</STRONG> (Thumb, 40 bytes, Stack size 8 bytes, hiduser.o(i.HID_SetReportOutputEvent))
<BR><BR>[Stack]<UL><LI>Max Depth = 16<LI>Call Chain = HID_SetReportOutputEvent &rArr; USB_EPnAck
</UL>
<BR>[Calls]<UL><LI><a href="#[37]">&gt;&gt;</a>&nbsp;&nbsp;&nbsp;USB_EPnAck
</UL>
<BR>[Called By]<UL><LI><a href="#[42]">&gt;&gt;</a>&nbsp;&nbsp;&nbsp;HID_SetReportEvent
</UL>

<P><STRONG><a name="[7]"></a>HardFault_Handler</STRONG> (Thumb, 48 bytes, Stack size 0 bytes, main.o(i.HardFault_Handler))
<BR>[Address Reference Count : 1]<UL><LI> startup_sn32f240b.o(RESET)
</UL>
<P><STRONG><a name="[7c]"></a>KB_CheckDebounce</STRONG> (Thumb, 164 bytes, Stack size 12 bytes, mouse_key.o(i.KB_CheckDebounce))
<BR><BR>[Stack]<UL><LI>Max Depth = 12<LI>Call Chain = KB_CheckDebounce
</UL>
<BR>[Called By]<UL><LI><a href="#[69]">&gt;&gt;</a>&nbsp;&nbsp;&nbsp;MS_ScanState
</UL>

<P><STRONG><a name="[45]"></a>KB_ConvertUsbUsage</STRONG> (Thumb, 22 bytes, Stack size 16 bytes, mouse_key.o(i.KB_ConvertUsbUsage))
<BR><BR>[Stack]<UL><LI>Max Depth = 72<LI>Call Chain = KB_ConvertUsbUsage &rArr; MS_BufferUsbKey &rArr; MS_SensorDPISetting_by_SPI &rArr; setResolution &rArr; SPI_W_2BYTE
</UL>
<BR>[Calls]<UL><LI><a href="#[46]">&gt;&gt;</a>&nbsp;&nbsp;&nbsp;MS_BufferUsbKey
</UL>
<BR>[Called By]<UL><LI><a href="#[6a]">&gt;&gt;</a>&nbsp;&nbsp;&nbsp;MS_CheckMatrixState
</UL>

<P><STRONG><a name="[81]"></a>LED_AllEnIO_SetOutputHigh</STRONG> (Thumb, 116 bytes, Stack size 0 bytes, led_function.o(i.LED_AllEnIO_SetOutputHigh))
<BR><BR>[Called By]<UL><LI><a href="#[5e]">&gt;&gt;</a>&nbsp;&nbsp;&nbsp;MS_SuspendSetting
</UL>

<P><STRONG><a name="[60]"></a>LED_AllEnIO_SetOutputLow</STRONG> (Thumb, 108 bytes, Stack size 0 bytes, led_function.o(i.LED_AllEnIO_SetOutputLow))
<BR><BR>[Called By]<UL><LI><a href="#[5c]">&gt;&gt;</a>&nbsp;&nbsp;&nbsp;MN_BootState
</UL>

<P><STRONG><a name="[5d]"></a>LED_EffectRandomValueGen</STRONG> (Thumb, 104 bytes, Stack size 0 bytes, led_function.o(i.LED_EffectRandomValueGen))
<BR><BR>[Called By]<UL><LI><a href="#[5c]">&gt;&gt;</a>&nbsp;&nbsp;&nbsp;MN_BootState
</UL>

<P><STRONG><a name="[5a]"></a>LED_EffectSpectrumProcess</STRONG> (Thumb, 54 bytes, Stack size 12 bytes, led.o(i.LED_EffectSpectrumProcess))
<BR><BR>[Stack]<UL><LI>Max Depth = 12<LI>Call Chain = LED_EffectSpectrumProcess
</UL>
<BR>[Called By]<UL><LI><a href="#[59]">&gt;&gt;</a>&nbsp;&nbsp;&nbsp;LED_Mode_Spectrum
</UL>

<P><STRONG><a name="[4d]"></a>LED_Effect_Breath</STRONG> (Thumb, 144 bytes, Stack size 8 bytes, led.o(i.LED_Effect_Breath))
<BR><BR>[Stack]<UL><LI>Max Depth = 8<LI>Call Chain = LED_Effect_Breath
</UL>
<BR>[Called By]<UL><LI><a href="#[4c]">&gt;&gt;</a>&nbsp;&nbsp;&nbsp;LED_Mode_Breath
</UL>

<P><STRONG><a name="[47]"></a>LED_Init</STRONG> (Thumb, 8 bytes, Stack size 4 bytes, led.o(i.LED_Init))
<BR><BR>[Stack]<UL><LI>Max Depth = 20<LI>Call Chain = LED_Init &rArr; LED_Mode_ReInit &rArr; decode_DPI_Stage &rArr; __ARM_common_switch8
</UL>
<BR>[Calls]<UL><LI><a href="#[48]">&gt;&gt;</a>&nbsp;&nbsp;&nbsp;LED_Mode_ReInit
</UL>
<BR>[Called By]<UL><LI><a href="#[26]">&gt;&gt;</a>&nbsp;&nbsp;&nbsp;main
</UL>

<P><STRONG><a name="[49]"></a>LED_Mode_Blink</STRONG> (Thumb, 150 bytes, Stack size 4 bytes, led.o(i.LED_Mode_Blink))
<BR><BR>[Stack]<UL><LI>Max Depth = 12<LI>Call Chain = LED_Mode_Blink &rArr; LED_ReflashPWMDuty
</UL>
<BR>[Calls]<UL><LI><a href="#[4b]">&gt;&gt;</a>&nbsp;&nbsp;&nbsp;LED_ReflashPWMDuty
<LI><a href="#[4a]">&gt;&gt;</a>&nbsp;&nbsp;&nbsp;LED_PWMBuf_Update
</UL>
<BR>[Called By]<UL><LI><a href="#[6c]">&gt;&gt;</a>&nbsp;&nbsp;&nbsp;MN_LEDState
</UL>

<P><STRONG><a name="[56]"></a>LED_Mode_Blink_Init</STRONG> (Thumb, 8 bytes, Stack size 0 bytes, led.o(i.LED_Mode_Blink_Init))
<BR><BR>[Called By]<UL><LI><a href="#[48]">&gt;&gt;</a>&nbsp;&nbsp;&nbsp;LED_Mode_ReInit
</UL>

<P><STRONG><a name="[4c]"></a>LED_Mode_Breath</STRONG> (Thumb, 12 bytes, Stack size 4 bytes, led.o(i.LED_Mode_Breath))
<BR><BR>[Stack]<UL><LI>Max Depth = 12<LI>Call Chain = LED_Mode_Breath &rArr; LED_ReflashPWMDuty
</UL>
<BR>[Calls]<UL><LI><a href="#[4b]">&gt;&gt;</a>&nbsp;&nbsp;&nbsp;LED_ReflashPWMDuty
<LI><a href="#[4d]">&gt;&gt;</a>&nbsp;&nbsp;&nbsp;LED_Effect_Breath
</UL>
<BR>[Called By]<UL><LI><a href="#[6c]">&gt;&gt;</a>&nbsp;&nbsp;&nbsp;MN_LEDState
</UL>

<P><STRONG><a name="[4e]"></a>LED_Mode_Breath_Init</STRONG> (Thumb, 36 bytes, Stack size 4 bytes, led.o(i.LED_Mode_Breath_Init))
<BR><BR>[Stack]<UL><LI>Max Depth = 4<LI>Call Chain = LED_Mode_Breath_Init
</UL>
<BR>[Calls]<UL><LI><a href="#[4f]">&gt;&gt;</a>&nbsp;&nbsp;&nbsp;LED_SettingDefaultColor
</UL>
<BR>[Called By]<UL><LI><a href="#[48]">&gt;&gt;</a>&nbsp;&nbsp;&nbsp;LED_Mode_ReInit
</UL>

<P><STRONG><a name="[50]"></a>LED_Mode_None</STRONG> (Thumb, 18 bytes, Stack size 4 bytes, led.o(i.LED_Mode_None))
<BR><BR>[Stack]<UL><LI>Max Depth = 12<LI>Call Chain = LED_Mode_None &rArr; LED_ReflashPWMDuty
</UL>
<BR>[Calls]<UL><LI><a href="#[4b]">&gt;&gt;</a>&nbsp;&nbsp;&nbsp;LED_ReflashPWMDuty
<LI><a href="#[4a]">&gt;&gt;</a>&nbsp;&nbsp;&nbsp;LED_PWMBuf_Update
</UL>
<BR>[Called By]<UL><LI><a href="#[6c]">&gt;&gt;</a>&nbsp;&nbsp;&nbsp;MN_LEDState
</UL>

<P><STRONG><a name="[48]"></a>LED_Mode_ReInit</STRONG> (Thumb, 104 bytes, Stack size 4 bytes, led.o(i.LED_Mode_ReInit))
<BR><BR>[Stack]<UL><LI>Max Depth = 16<LI>Call Chain = LED_Mode_ReInit &rArr; decode_DPI_Stage &rArr; __ARM_common_switch8
</UL>
<BR>[Calls]<UL><LI><a href="#[51]">&gt;&gt;</a>&nbsp;&nbsp;&nbsp;decode_DPI_Stage
<LI><a href="#[52]">&gt;&gt;</a>&nbsp;&nbsp;&nbsp;__ARM_common_switch8
<LI><a href="#[55]">&gt;&gt;</a>&nbsp;&nbsp;&nbsp;LED_Mode_Static_Init
<LI><a href="#[54]">&gt;&gt;</a>&nbsp;&nbsp;&nbsp;LED_Mode_Spectrum_Init
<LI><a href="#[53]">&gt;&gt;</a>&nbsp;&nbsp;&nbsp;LED_Mode_Reaction_Init
<LI><a href="#[4e]">&gt;&gt;</a>&nbsp;&nbsp;&nbsp;LED_Mode_Breath_Init
<LI><a href="#[56]">&gt;&gt;</a>&nbsp;&nbsp;&nbsp;LED_Mode_Blink_Init
</UL>
<BR>[Called By]<UL><LI><a href="#[6c]">&gt;&gt;</a>&nbsp;&nbsp;&nbsp;MN_LEDState
<LI><a href="#[47]">&gt;&gt;</a>&nbsp;&nbsp;&nbsp;LED_Init
<LI><a href="#[c4]">&gt;&gt;</a>&nbsp;&nbsp;&nbsp;processLedCommand
</UL>

<P><STRONG><a name="[57]"></a>LED_Mode_Reaction</STRONG> (Thumb, 256 bytes, Stack size 168 bytes, led.o(i.LED_Mode_Reaction))
<BR><BR>[Stack]<UL><LI>Max Depth = 176<LI>Call Chain = LED_Mode_Reaction &rArr; LED_ReflashPWMDuty
</UL>
<BR>[Calls]<UL><LI><a href="#[4b]">&gt;&gt;</a>&nbsp;&nbsp;&nbsp;LED_ReflashPWMDuty
<LI><a href="#[58]">&gt;&gt;</a>&nbsp;&nbsp;&nbsp;__aeabi_memcpy4
</UL>
<BR>[Called By]<UL><LI><a href="#[6c]">&gt;&gt;</a>&nbsp;&nbsp;&nbsp;MN_LEDState
</UL>

<P><STRONG><a name="[53]"></a>LED_Mode_Reaction_Init</STRONG> (Thumb, 34 bytes, Stack size 0 bytes, led.o(i.LED_Mode_Reaction_Init))
<BR><BR>[Called By]<UL><LI><a href="#[48]">&gt;&gt;</a>&nbsp;&nbsp;&nbsp;LED_Mode_ReInit
</UL>

<P><STRONG><a name="[59]"></a>LED_Mode_Spectrum</STRONG> (Thumb, 110 bytes, Stack size 8 bytes, led.o(i.LED_Mode_Spectrum))
<BR><BR>[Stack]<UL><LI>Max Depth = 20<LI>Call Chain = LED_Mode_Spectrum &rArr; LED_EffectSpectrumProcess
</UL>
<BR>[Calls]<UL><LI><a href="#[4b]">&gt;&gt;</a>&nbsp;&nbsp;&nbsp;LED_ReflashPWMDuty
<LI><a href="#[5a]">&gt;&gt;</a>&nbsp;&nbsp;&nbsp;LED_EffectSpectrumProcess
</UL>
<BR>[Called By]<UL><LI><a href="#[6c]">&gt;&gt;</a>&nbsp;&nbsp;&nbsp;MN_LEDState
</UL>

<P><STRONG><a name="[54]"></a>LED_Mode_Spectrum_Init</STRONG> (Thumb, 38 bytes, Stack size 0 bytes, led.o(i.LED_Mode_Spectrum_Init))
<BR><BR>[Called By]<UL><LI><a href="#[48]">&gt;&gt;</a>&nbsp;&nbsp;&nbsp;LED_Mode_ReInit
</UL>

<P><STRONG><a name="[5b]"></a>LED_Mode_Static</STRONG> (Thumb, 20 bytes, Stack size 4 bytes, led.o(i.LED_Mode_Static))
<BR><BR>[Stack]<UL><LI>Max Depth = 12<LI>Call Chain = LED_Mode_Static &rArr; LED_ReflashPWMDuty
</UL>
<BR>[Calls]<UL><LI><a href="#[4b]">&gt;&gt;</a>&nbsp;&nbsp;&nbsp;LED_ReflashPWMDuty
<LI><a href="#[4a]">&gt;&gt;</a>&nbsp;&nbsp;&nbsp;LED_PWMBuf_Update
</UL>
<BR>[Called By]<UL><LI><a href="#[6c]">&gt;&gt;</a>&nbsp;&nbsp;&nbsp;MN_LEDState
</UL>

<P><STRONG><a name="[55]"></a>LED_Mode_Static_Init</STRONG> (Thumb, 8 bytes, Stack size 0 bytes, led.o(i.LED_Mode_Static_Init))
<BR><BR>[Called By]<UL><LI><a href="#[48]">&gt;&gt;</a>&nbsp;&nbsp;&nbsp;LED_Mode_ReInit
</UL>

<P><STRONG><a name="[4a]"></a>LED_PWMBuf_Update</STRONG> (Thumb, 30 bytes, Stack size 8 bytes, led.o(i.LED_PWMBuf_Update))
<BR><BR>[Stack]<UL><LI>Max Depth = 8<LI>Call Chain = LED_PWMBuf_Update
</UL>
<BR>[Called By]<UL><LI><a href="#[5b]">&gt;&gt;</a>&nbsp;&nbsp;&nbsp;LED_Mode_Static
<LI><a href="#[50]">&gt;&gt;</a>&nbsp;&nbsp;&nbsp;LED_Mode_None
<LI><a href="#[49]">&gt;&gt;</a>&nbsp;&nbsp;&nbsp;LED_Mode_Blink
</UL>

<P><STRONG><a name="[4b]"></a>LED_ReflashPWMDuty</STRONG> (Thumb, 122 bytes, Stack size 8 bytes, led.o(i.LED_ReflashPWMDuty))
<BR><BR>[Stack]<UL><LI>Max Depth = 8<LI>Call Chain = LED_ReflashPWMDuty
</UL>
<BR>[Called By]<UL><LI><a href="#[5b]">&gt;&gt;</a>&nbsp;&nbsp;&nbsp;LED_Mode_Static
<LI><a href="#[59]">&gt;&gt;</a>&nbsp;&nbsp;&nbsp;LED_Mode_Spectrum
<LI><a href="#[57]">&gt;&gt;</a>&nbsp;&nbsp;&nbsp;LED_Mode_Reaction
<LI><a href="#[50]">&gt;&gt;</a>&nbsp;&nbsp;&nbsp;LED_Mode_None
<LI><a href="#[4c]">&gt;&gt;</a>&nbsp;&nbsp;&nbsp;LED_Mode_Breath
<LI><a href="#[49]">&gt;&gt;</a>&nbsp;&nbsp;&nbsp;LED_Mode_Blink
</UL>

<P><STRONG><a name="[4f]"></a>LED_SettingDefaultColor</STRONG> (Thumb, 22 bytes, Stack size 0 bytes, led.o(i.LED_SettingDefaultColor))
<BR><BR>[Called By]<UL><LI><a href="#[4e]">&gt;&gt;</a>&nbsp;&nbsp;&nbsp;LED_Mode_Breath_Init
</UL>

<P><STRONG><a name="[5c]"></a>MN_BootState</STRONG> (Thumb, 90 bytes, Stack size 8 bytes, boot_idle_state.o(i.MN_BootState))
<BR><BR>[Stack]<UL><LI>Max Depth = 48<LI>Call Chain = MN_BootState &rArr; USB_Suspend &rArr; USB_ReturntoNormal &rArr; SystemCoreClockUpdate &rArr; __ARM_common_switch8
</UL>
<BR>[Calls]<UL><LI><a href="#[5f]">&gt;&gt;</a>&nbsp;&nbsp;&nbsp;USB_Suspend
<LI><a href="#[5e]">&gt;&gt;</a>&nbsp;&nbsp;&nbsp;MS_SuspendSetting
<LI><a href="#[62]">&gt;&gt;</a>&nbsp;&nbsp;&nbsp;MS_Init
<LI><a href="#[5d]">&gt;&gt;</a>&nbsp;&nbsp;&nbsp;LED_EffectRandomValueGen
<LI><a href="#[60]">&gt;&gt;</a>&nbsp;&nbsp;&nbsp;LED_AllEnIO_SetOutputLow
<LI><a href="#[61]">&gt;&gt;</a>&nbsp;&nbsp;&nbsp;CT16B1_Init
</UL>
<BR>[Called By]<UL><LI><a href="#[26]">&gt;&gt;</a>&nbsp;&nbsp;&nbsp;main
</UL>

<P><STRONG><a name="[63]"></a>MN_IdleState</STRONG> (Thumb, 236 bytes, Stack size 8 bytes, boot_idle_state.o(i.MN_IdleState))
<BR><BR>[Stack]<UL><LI>Max Depth = 72<LI>Call Chain = MN_IdleState &rArr; processPendingCommand &rArr; processDeviceInfoCommand &rArr; SPI_W_2BYTE
</UL>
<BR>[Calls]<UL><LI><a href="#[67]">&gt;&gt;</a>&nbsp;&nbsp;&nbsp;processVariableUpdate
<LI><a href="#[66]">&gt;&gt;</a>&nbsp;&nbsp;&nbsp;processPendingCommand
<LI><a href="#[65]">&gt;&gt;</a>&nbsp;&nbsp;&nbsp;USB_EP2Function
<LI><a href="#[64]">&gt;&gt;</a>&nbsp;&nbsp;&nbsp;USB_EP1Function
</UL>
<BR>[Called By]<UL><LI><a href="#[26]">&gt;&gt;</a>&nbsp;&nbsp;&nbsp;main
</UL>

<P><STRONG><a name="[68]"></a>MN_KeyScanState</STRONG> (Thumb, 50 bytes, Stack size 8 bytes, mouse_key.o(i.MN_KeyScanState))
<BR><BR>[Stack]<UL><LI>Max Depth = 104<LI>Call Chain = MN_KeyScanState &rArr; MS_CheckMatrixState &rArr; KB_ConvertUsbUsage &rArr; MS_BufferUsbKey &rArr; MS_SensorDPISetting_by_SPI &rArr; setResolution &rArr; SPI_W_2BYTE
</UL>
<BR>[Calls]<UL><LI><a href="#[69]">&gt;&gt;</a>&nbsp;&nbsp;&nbsp;MS_ScanState
<LI><a href="#[6b]">&gt;&gt;</a>&nbsp;&nbsp;&nbsp;MS_NFireState
<LI><a href="#[6a]">&gt;&gt;</a>&nbsp;&nbsp;&nbsp;MS_CheckMatrixState
</UL>
<BR>[Called By]<UL><LI><a href="#[26]">&gt;&gt;</a>&nbsp;&nbsp;&nbsp;main
</UL>

<P><STRONG><a name="[6c]"></a>MN_LEDState</STRONG> (Thumb, 100 bytes, Stack size 8 bytes, led.o(i.MN_LEDState))
<BR><BR>[Stack]<UL><LI>Max Depth = 184<LI>Call Chain = MN_LEDState &rArr; LED_Mode_Reaction &rArr; LED_ReflashPWMDuty
</UL>
<BR>[Calls]<UL><LI><a href="#[52]">&gt;&gt;</a>&nbsp;&nbsp;&nbsp;__ARM_common_switch8
<LI><a href="#[5b]">&gt;&gt;</a>&nbsp;&nbsp;&nbsp;LED_Mode_Static
<LI><a href="#[59]">&gt;&gt;</a>&nbsp;&nbsp;&nbsp;LED_Mode_Spectrum
<LI><a href="#[57]">&gt;&gt;</a>&nbsp;&nbsp;&nbsp;LED_Mode_Reaction
<LI><a href="#[48]">&gt;&gt;</a>&nbsp;&nbsp;&nbsp;LED_Mode_ReInit
<LI><a href="#[50]">&gt;&gt;</a>&nbsp;&nbsp;&nbsp;LED_Mode_None
<LI><a href="#[4c]">&gt;&gt;</a>&nbsp;&nbsp;&nbsp;LED_Mode_Breath
<LI><a href="#[49]">&gt;&gt;</a>&nbsp;&nbsp;&nbsp;LED_Mode_Blink
</UL>
<BR>[Called By]<UL><LI><a href="#[26]">&gt;&gt;</a>&nbsp;&nbsp;&nbsp;main
</UL>

<P><STRONG><a name="[6d]"></a>MN_SensorState</STRONG> (Thumb, 92 bytes, Stack size 8 bytes, mouse_sensor.o(i.MN_SensorState))
<BR><BR>[Stack]<UL><LI>Max Depth = 80<LI>Call Chain = MN_SensorState &rArr; checkSROM &rArr; updateSensorFirmware &rArr; spiDownload_SROM &rArr; SPI_W_NBYTE
</UL>
<BR>[Calls]<UL><LI><a href="#[6f]">&gt;&gt;</a>&nbsp;&nbsp;&nbsp;UT_MAIN_DelayNx10us
<LI><a href="#[70]">&gt;&gt;</a>&nbsp;&nbsp;&nbsp;SPI_W_2BYTE
<LI><a href="#[71]">&gt;&gt;</a>&nbsp;&nbsp;&nbsp;SPI_Burst_Read
<LI><a href="#[6e]">&gt;&gt;</a>&nbsp;&nbsp;&nbsp;checkSROM
</UL>
<BR>[Called By]<UL><LI><a href="#[26]">&gt;&gt;</a>&nbsp;&nbsp;&nbsp;main
</UL>

<P><STRONG><a name="[72]"></a>MN_WheelState</STRONG> (Thumb, 648 bytes, Stack size 8 bytes, mouse_wheel.o(i.MN_WheelState))
<BR><BR>[Stack]<UL><LI>Max Depth = 16<LI>Call Chain = MN_WheelState &rArr; MS_WheelInit
</UL>
<BR>[Calls]<UL><LI><a href="#[73]">&gt;&gt;</a>&nbsp;&nbsp;&nbsp;MS_WheelInit
</UL>
<BR>[Called By]<UL><LI><a href="#[26]">&gt;&gt;</a>&nbsp;&nbsp;&nbsp;main
</UL>

<P><STRONG><a name="[46]"></a>MS_BufferUsbKey</STRONG> (Thumb, 250 bytes, Stack size 16 bytes, mouse_key.o(i.MS_BufferUsbKey))
<BR><BR>[Stack]<UL><LI>Max Depth = 56<LI>Call Chain = MS_BufferUsbKey &rArr; MS_SensorDPISetting_by_SPI &rArr; setResolution &rArr; SPI_W_2BYTE
</UL>
<BR>[Calls]<UL><LI><a href="#[75]">&gt;&gt;</a>&nbsp;&nbsp;&nbsp;MS_SensorDPISetting_by_SPI
<LI><a href="#[74]">&gt;&gt;</a>&nbsp;&nbsp;&nbsp;MS_NFirePage
<LI><a href="#[76]">&gt;&gt;</a>&nbsp;&nbsp;&nbsp;requestVariableUpdate
</UL>
<BR>[Called By]<UL><LI><a href="#[6b]">&gt;&gt;</a>&nbsp;&nbsp;&nbsp;MS_NFireState
<LI><a href="#[45]">&gt;&gt;</a>&nbsp;&nbsp;&nbsp;KB_ConvertUsbUsage
</UL>

<P><STRONG><a name="[6a]"></a>MS_CheckMatrixState</STRONG> (Thumb, 186 bytes, Stack size 24 bytes, mouse_key.o(i.MS_CheckMatrixState))
<BR><BR>[Stack]<UL><LI>Max Depth = 96<LI>Call Chain = MS_CheckMatrixState &rArr; KB_ConvertUsbUsage &rArr; MS_BufferUsbKey &rArr; MS_SensorDPISetting_by_SPI &rArr; setResolution &rArr; SPI_W_2BYTE
</UL>
<BR>[Calls]<UL><LI><a href="#[45]">&gt;&gt;</a>&nbsp;&nbsp;&nbsp;KB_ConvertUsbUsage
</UL>
<BR>[Called By]<UL><LI><a href="#[68]">&gt;&gt;</a>&nbsp;&nbsp;&nbsp;MN_KeyScanState
</UL>

<P><STRONG><a name="[bf]"></a>MS_GpioInit</STRONG> (Thumb, 34 bytes, Stack size 0 bytes, mouse.o(i.MS_GpioInit))
<BR><BR>[Called By]<UL><LI><a href="#[26]">&gt;&gt;</a>&nbsp;&nbsp;&nbsp;main
</UL>

<P><STRONG><a name="[62]"></a>MS_Init</STRONG> (Thumb, 28 bytes, Stack size 8 bytes, mouse.o(i.MS_Init))
<BR><BR>[Stack]<UL><LI>Max Depth = 40<LI>Call Chain = MS_Init &rArr; MS_SensorInit &rArr; sensorPowerUp &rArr; SPI_W_2BYTE
</UL>
<BR>[Calls]<UL><LI><a href="#[73]">&gt;&gt;</a>&nbsp;&nbsp;&nbsp;MS_WheelInit
<LI><a href="#[77]">&gt;&gt;</a>&nbsp;&nbsp;&nbsp;MS_SensorInit
<LI><a href="#[78]">&gt;&gt;</a>&nbsp;&nbsp;&nbsp;MS_TimerInit
</UL>
<BR>[Called By]<UL><LI><a href="#[5c]">&gt;&gt;</a>&nbsp;&nbsp;&nbsp;MN_BootState
</UL>

<P><STRONG><a name="[74]"></a>MS_NFirePage</STRONG> (Thumb, 46 bytes, Stack size 0 bytes, mouse_function.o(i.MS_NFirePage))
<BR><BR>[Called By]<UL><LI><a href="#[46]">&gt;&gt;</a>&nbsp;&nbsp;&nbsp;MS_BufferUsbKey
</UL>

<P><STRONG><a name="[6b]"></a>MS_NFireState</STRONG> (Thumb, 122 bytes, Stack size 8 bytes, mouse_key.o(i.MS_NFireState))
<BR><BR>[Stack]<UL><LI>Max Depth = 64<LI>Call Chain = MS_NFireState &rArr; MS_BufferUsbKey &rArr; MS_SensorDPISetting_by_SPI &rArr; setResolution &rArr; SPI_W_2BYTE
</UL>
<BR>[Calls]<UL><LI><a href="#[46]">&gt;&gt;</a>&nbsp;&nbsp;&nbsp;MS_BufferUsbKey
</UL>
<BR>[Called By]<UL><LI><a href="#[68]">&gt;&gt;</a>&nbsp;&nbsp;&nbsp;MN_KeyScanState
</UL>

<P><STRONG><a name="[79]"></a>MS_RamInit</STRONG> (Thumb, 500 bytes, Stack size 16 bytes, mouse.o(i.MS_RamInit))
<BR><BR>[Stack]<UL><LI>Max Depth = 32<LI>Call Chain = MS_RamInit &rArr; memoryCopy
</UL>
<BR>[Calls]<UL><LI><a href="#[76]">&gt;&gt;</a>&nbsp;&nbsp;&nbsp;requestVariableUpdate
<LI><a href="#[7a]">&gt;&gt;</a>&nbsp;&nbsp;&nbsp;memoryCopy
<LI><a href="#[7b]">&gt;&gt;</a>&nbsp;&nbsp;&nbsp;crc16
</UL>
<BR>[Called By]<UL><LI><a href="#[26]">&gt;&gt;</a>&nbsp;&nbsp;&nbsp;main
</UL>

<P><STRONG><a name="[69]"></a>MS_ScanState</STRONG> (Thumb, 182 bytes, Stack size 8 bytes, mouse_key.o(i.MS_ScanState))
<BR><BR>[Stack]<UL><LI>Max Depth = 20<LI>Call Chain = MS_ScanState &rArr; KB_CheckDebounce
</UL>
<BR>[Calls]<UL><LI><a href="#[7c]">&gt;&gt;</a>&nbsp;&nbsp;&nbsp;KB_CheckDebounce
</UL>
<BR>[Called By]<UL><LI><a href="#[68]">&gt;&gt;</a>&nbsp;&nbsp;&nbsp;MN_KeyScanState
</UL>

<P><STRONG><a name="[75]"></a>MS_SensorDPISetting_by_SPI</STRONG> (Thumb, 166 bytes, Stack size 8 bytes, mouse_function.o(i.MS_SensorDPISetting_by_SPI))
<BR><BR>[Stack]<UL><LI>Max Depth = 40<LI>Call Chain = MS_SensorDPISetting_by_SPI &rArr; setResolution &rArr; SPI_W_2BYTE
</UL>
<BR>[Calls]<UL><LI><a href="#[7d]">&gt;&gt;</a>&nbsp;&nbsp;&nbsp;setResolution
<LI><a href="#[51]">&gt;&gt;</a>&nbsp;&nbsp;&nbsp;decode_DPI_Stage
</UL>
<BR>[Called By]<UL><LI><a href="#[46]">&gt;&gt;</a>&nbsp;&nbsp;&nbsp;MS_BufferUsbKey
</UL>

<P><STRONG><a name="[77]"></a>MS_SensorInit</STRONG> (Thumb, 8 bytes, Stack size 8 bytes, mouse_sensor.o(i.MS_SensorInit))
<BR><BR>[Stack]<UL><LI>Max Depth = 32<LI>Call Chain = MS_SensorInit &rArr; sensorPowerUp &rArr; SPI_W_2BYTE
</UL>
<BR>[Calls]<UL><LI><a href="#[7e]">&gt;&gt;</a>&nbsp;&nbsp;&nbsp;sensorPowerUp
</UL>
<BR>[Called By]<UL><LI><a href="#[62]">&gt;&gt;</a>&nbsp;&nbsp;&nbsp;MS_Init
</UL>

<P><STRONG><a name="[7f]"></a>MS_SetKeyIOInputMode</STRONG> (Thumb, 86 bytes, Stack size 0 bytes, mouse_function.o(i.MS_SetKeyIOInputMode))
<BR><BR>[Called By]<UL><LI><a href="#[5e]">&gt;&gt;</a>&nbsp;&nbsp;&nbsp;MS_SuspendSetting
</UL>

<P><STRONG><a name="[80]"></a>MS_SetKeyIOPullUp</STRONG> (Thumb, 86 bytes, Stack size 0 bytes, mouse_function.o(i.MS_SetKeyIOPullUp))
<BR><BR>[Called By]<UL><LI><a href="#[5e]">&gt;&gt;</a>&nbsp;&nbsp;&nbsp;MS_SuspendSetting
</UL>

<P><STRONG><a name="[86]"></a>MS_SetWheelIOInputMode</STRONG> (Thumb, 26 bytes, Stack size 0 bytes, mouse_function.o(i.MS_SetWheelIOInputMode))
<BR><BR>[Called By]<UL><LI><a href="#[73]">&gt;&gt;</a>&nbsp;&nbsp;&nbsp;MS_WheelInit
</UL>

<P><STRONG><a name="[87]"></a>MS_SetWheelIOPullUp</STRONG> (Thumb, 28 bytes, Stack size 0 bytes, mouse_function.o(i.MS_SetWheelIOPullUp))
<BR><BR>[Called By]<UL><LI><a href="#[73]">&gt;&gt;</a>&nbsp;&nbsp;&nbsp;MS_WheelInit
</UL>

<P><STRONG><a name="[82]"></a>MS_SetWheelIOSuspend</STRONG> (Thumb, 136 bytes, Stack size 0 bytes, mouse_function.o(i.MS_SetWheelIOSuspend))
<BR><BR>[Called By]<UL><LI><a href="#[5e]">&gt;&gt;</a>&nbsp;&nbsp;&nbsp;MS_SuspendSetting
</UL>

<P><STRONG><a name="[5e]"></a>MS_SuspendSetting</STRONG> (Thumb, 66 bytes, Stack size 8 bytes, mouse_function.o(i.MS_SuspendSetting))
<BR><BR>[Stack]<UL><LI>Max Depth = 24<LI>Call Chain = MS_SuspendSetting &rArr; SPI_W_2BYTE
</UL>
<BR>[Calls]<UL><LI><a href="#[83]">&gt;&gt;</a>&nbsp;&nbsp;&nbsp;UT_MAIN_DelayNms
<LI><a href="#[82]">&gt;&gt;</a>&nbsp;&nbsp;&nbsp;MS_SetWheelIOSuspend
<LI><a href="#[80]">&gt;&gt;</a>&nbsp;&nbsp;&nbsp;MS_SetKeyIOPullUp
<LI><a href="#[7f]">&gt;&gt;</a>&nbsp;&nbsp;&nbsp;MS_SetKeyIOInputMode
<LI><a href="#[81]">&gt;&gt;</a>&nbsp;&nbsp;&nbsp;LED_AllEnIO_SetOutputHigh
<LI><a href="#[85]">&gt;&gt;</a>&nbsp;&nbsp;&nbsp;CT16B0_Disable
<LI><a href="#[6f]">&gt;&gt;</a>&nbsp;&nbsp;&nbsp;UT_MAIN_DelayNx10us
<LI><a href="#[70]">&gt;&gt;</a>&nbsp;&nbsp;&nbsp;SPI_W_2BYTE
<LI><a href="#[84]">&gt;&gt;</a>&nbsp;&nbsp;&nbsp;CT16B1_Disable
</UL>
<BR>[Called By]<UL><LI><a href="#[5c]">&gt;&gt;</a>&nbsp;&nbsp;&nbsp;MN_BootState
</UL>

<P><STRONG><a name="[78]"></a>MS_TimerInit</STRONG> (Thumb, 8 bytes, Stack size 8 bytes, mouse.o(i.MS_TimerInit))
<BR><BR>[Stack]<UL><LI>Max Depth = 16<LI>Call Chain = MS_TimerInit &rArr; CT16B0_Init
</UL>
<BR>[Calls]<UL><LI><a href="#[30]">&gt;&gt;</a>&nbsp;&nbsp;&nbsp;CT16B0_Init
</UL>
<BR>[Called By]<UL><LI><a href="#[62]">&gt;&gt;</a>&nbsp;&nbsp;&nbsp;MS_Init
</UL>

<P><STRONG><a name="[73]"></a>MS_WheelInit</STRONG> (Thumb, 68 bytes, Stack size 8 bytes, mouse_wheel.o(i.MS_WheelInit))
<BR><BR>[Stack]<UL><LI>Max Depth = 8<LI>Call Chain = MS_WheelInit
</UL>
<BR>[Calls]<UL><LI><a href="#[87]">&gt;&gt;</a>&nbsp;&nbsp;&nbsp;MS_SetWheelIOPullUp
<LI><a href="#[86]">&gt;&gt;</a>&nbsp;&nbsp;&nbsp;MS_SetWheelIOInputMode
<LI><a href="#[6f]">&gt;&gt;</a>&nbsp;&nbsp;&nbsp;UT_MAIN_DelayNx10us
</UL>
<BR>[Called By]<UL><LI><a href="#[62]">&gt;&gt;</a>&nbsp;&nbsp;&nbsp;MS_Init
<LI><a href="#[72]">&gt;&gt;</a>&nbsp;&nbsp;&nbsp;MN_WheelState
</UL>

<P><STRONG><a name="[b]"></a>NDT_IRQHandler</STRONG> (Thumb, 42 bytes, Stack size 0 bytes, main.o(i.NDT_IRQHandler))
<BR>[Address Reference Count : 1]<UL><LI> startup_sn32f240b.o(RESET)
</UL>
<P><STRONG><a name="[18]"></a>P2_IRQHandler</STRONG> (Thumb, 82 bytes, Stack size 8 bytes, usbhw.o(i.P2_IRQHandler))
<BR><BR>[Stack]<UL><LI>Max Depth = 8<LI>Call Chain = P2_IRQHandler
</UL>
<BR>[Calls]<UL><LI><a href="#[88]">&gt;&gt;</a>&nbsp;&nbsp;&nbsp;__NVIC_ClearPendingIRQ
</UL>
<BR>[Address Reference Count : 1]<UL><LI> startup_sn32f240b.o(RESET)
</UL>
<P><STRONG><a name="[be]"></a>PFPA_Init</STRONG> (Thumb, 14 bytes, Stack size 0 bytes, main.o(i.PFPA_Init))
<BR><BR>[Called By]<UL><LI><a href="#[26]">&gt;&gt;</a>&nbsp;&nbsp;&nbsp;main
</UL>

<P><STRONG><a name="[c0]"></a>SPI0_Init</STRONG> (Thumb, 158 bytes, Stack size 0 bytes, spi0.o(i.SPI0_Init))
<BR><BR>[Called By]<UL><LI><a href="#[26]">&gt;&gt;</a>&nbsp;&nbsp;&nbsp;main
</UL>

<P><STRONG><a name="[71]"></a>SPI_Burst_Read</STRONG> (Thumb, 164 bytes, Stack size 16 bytes, spi0.o(i.SPI_Burst_Read))
<BR><BR>[Stack]<UL><LI>Max Depth = 16<LI>Call Chain = SPI_Burst_Read
</UL>
<BR>[Calls]<UL><LI><a href="#[89]">&gt;&gt;</a>&nbsp;&nbsp;&nbsp;UT_MAIN_DelayNx5us
<LI><a href="#[6f]">&gt;&gt;</a>&nbsp;&nbsp;&nbsp;UT_MAIN_DelayNx10us
</UL>
<BR>[Called By]<UL><LI><a href="#[6d]">&gt;&gt;</a>&nbsp;&nbsp;&nbsp;MN_SensorState
</UL>

<P><STRONG><a name="[8a]"></a>SPI_R_BYTE</STRONG> (Thumb, 134 bytes, Stack size 16 bytes, spi0.o(i.SPI_R_BYTE))
<BR><BR>[Stack]<UL><LI>Max Depth = 16<LI>Call Chain = SPI_R_BYTE
</UL>
<BR>[Calls]<UL><LI><a href="#[8b]">&gt;&gt;</a>&nbsp;&nbsp;&nbsp;UT_MAIN_DelayNx1us
<LI><a href="#[6f]">&gt;&gt;</a>&nbsp;&nbsp;&nbsp;UT_MAIN_DelayNx10us
</UL>
<BR>[Called By]<UL><LI><a href="#[c5]">&gt;&gt;</a>&nbsp;&nbsp;&nbsp;spiChecksum_SROM
<LI><a href="#[7e]">&gt;&gt;</a>&nbsp;&nbsp;&nbsp;sensorPowerUp
<LI><a href="#[6e]">&gt;&gt;</a>&nbsp;&nbsp;&nbsp;checkSROM
</UL>

<P><STRONG><a name="[70]"></a>SPI_W_2BYTE</STRONG> (Thumb, 86 bytes, Stack size 16 bytes, spi0.o(i.SPI_W_2BYTE))
<BR><BR>[Stack]<UL><LI>Max Depth = 16<LI>Call Chain = SPI_W_2BYTE
</UL>
<BR>[Calls]<UL><LI><a href="#[8b]">&gt;&gt;</a>&nbsp;&nbsp;&nbsp;UT_MAIN_DelayNx1us
<LI><a href="#[6f]">&gt;&gt;</a>&nbsp;&nbsp;&nbsp;UT_MAIN_DelayNx10us
</UL>
<BR>[Called By]<UL><LI><a href="#[7d]">&gt;&gt;</a>&nbsp;&nbsp;&nbsp;setResolution
<LI><a href="#[5e]">&gt;&gt;</a>&nbsp;&nbsp;&nbsp;MS_SuspendSetting
<LI><a href="#[c6]">&gt;&gt;</a>&nbsp;&nbsp;&nbsp;spiDownload_SROM
<LI><a href="#[c5]">&gt;&gt;</a>&nbsp;&nbsp;&nbsp;spiChecksum_SROM
<LI><a href="#[7e]">&gt;&gt;</a>&nbsp;&nbsp;&nbsp;sensorPowerUp
<LI><a href="#[6d]">&gt;&gt;</a>&nbsp;&nbsp;&nbsp;MN_SensorState
<LI><a href="#[c2]">&gt;&gt;</a>&nbsp;&nbsp;&nbsp;processDeviceInfoCommand
</UL>

<P><STRONG><a name="[8c]"></a>SPI_W_NBYTE</STRONG> (Thumb, 224 bytes, Stack size 40 bytes, spi0.o(i.SPI_W_NBYTE))
<BR><BR>[Stack]<UL><LI>Max Depth = 40<LI>Call Chain = SPI_W_NBYTE
</UL>
<BR>[Calls]<UL><LI><a href="#[8b]">&gt;&gt;</a>&nbsp;&nbsp;&nbsp;UT_MAIN_DelayNx1us
<LI><a href="#[6f]">&gt;&gt;</a>&nbsp;&nbsp;&nbsp;UT_MAIN_DelayNx10us
</UL>
<BR>[Called By]<UL><LI><a href="#[c6]">&gt;&gt;</a>&nbsp;&nbsp;&nbsp;spiDownload_SROM
</UL>

<P><STRONG><a name="[a]"></a>SysTick_Handler</STRONG> (Thumb, 54 bytes, Stack size 0 bytes, main.o(i.SysTick_Handler))
<BR>[Address Reference Count : 1]<UL><LI> startup_sn32f240b.o(RESET)
</UL>
<P><STRONG><a name="[8d]"></a>SystemCoreClockUpdate</STRONG> (Thumb, 182 bytes, Stack size 8 bytes, system_sn32f240b.o(i.SystemCoreClockUpdate))
<BR><BR>[Stack]<UL><LI>Max Depth = 16<LI>Call Chain = SystemCoreClockUpdate &rArr; __ARM_common_switch8
</UL>
<BR>[Calls]<UL><LI><a href="#[52]">&gt;&gt;</a>&nbsp;&nbsp;&nbsp;__ARM_common_switch8
<LI><a href="#[8e]">&gt;&gt;</a>&nbsp;&nbsp;&nbsp;__aeabi_uidivmod
</UL>
<BR>[Called By]<UL><LI><a href="#[9d]">&gt;&gt;</a>&nbsp;&nbsp;&nbsp;USB_ReturntoNormal
<LI><a href="#[aa]">&gt;&gt;</a>&nbsp;&nbsp;&nbsp;USB_Init
<LI><a href="#[26]">&gt;&gt;</a>&nbsp;&nbsp;&nbsp;main
</UL>

<P><STRONG><a name="[ad]"></a>SystemInit</STRONG> (Thumb, 70 bytes, Stack size 0 bytes, system_sn32f240b.o(i.SystemInit))
<BR><BR>[Called By]<UL><LI><a href="#[9d]">&gt;&gt;</a>&nbsp;&nbsp;&nbsp;USB_ReturntoNormal
<LI><a href="#[aa]">&gt;&gt;</a>&nbsp;&nbsp;&nbsp;USB_Init
<LI><a href="#[26]">&gt;&gt;</a>&nbsp;&nbsp;&nbsp;main
</UL>

<P><STRONG><a name="[8f]"></a>USB_ClearFeatureEvent</STRONG> (Thumb, 184 bytes, Stack size 16 bytes, usbuser.o(i.USB_ClearFeatureEvent))
<BR><BR>[Stack]<UL><LI>Max Depth = 24<LI>Call Chain = USB_ClearFeatureEvent &rArr; USB_EPnAck
</UL>
<BR>[Calls]<UL><LI><a href="#[38]">&gt;&gt;</a>&nbsp;&nbsp;&nbsp;USB_EPnStall
<LI><a href="#[37]">&gt;&gt;</a>&nbsp;&nbsp;&nbsp;USB_EPnAck
</UL>
<BR>[Called By]<UL><LI><a href="#[96]">&gt;&gt;</a>&nbsp;&nbsp;&nbsp;USB_StandardRequest
</UL>

<P><STRONG><a name="[ba]"></a>USB_ClrEPnToggle</STRONG> (Thumb, 16 bytes, Stack size 0 bytes, usbhw.o(i.USB_ClrEPnToggle))
<BR><BR>[Called By]<UL><LI><a href="#[b9]">&gt;&gt;</a>&nbsp;&nbsp;&nbsp;USB_SetInterfaceEvent
</UL>

<P><STRONG><a name="[bc]"></a>USB_Comb_Bytetoword</STRONG> (Thumb, 36 bytes, Stack size 20 bytes, usbuser.o(i.USB_Comb_Bytetoword))
<BR><BR>[Stack]<UL><LI>Max Depth = 20<LI>Call Chain = USB_Comb_Bytetoword
</UL>
<BR>[Called By]<UL><LI><a href="#[3f]">&gt;&gt;</a>&nbsp;&nbsp;&nbsp;USB_TableTransmit
</UL>

<P><STRONG><a name="[b1]"></a>USB_DelayJstate</STRONG> (Thumb, 22 bytes, Stack size 0 bytes, usbhw.o(i.USB_DelayJstate))
<BR><BR>[Called By]<UL><LI><a href="#[b0]">&gt;&gt;</a>&nbsp;&nbsp;&nbsp;USB_RemoteWakeUp
</UL>

<P><STRONG><a name="[b2]"></a>USB_DelayKstate</STRONG> (Thumb, 22 bytes, Stack size 0 bytes, usbhw.o(i.USB_DelayKstate))
<BR><BR>[Called By]<UL><LI><a href="#[b0]">&gt;&gt;</a>&nbsp;&nbsp;&nbsp;USB_RemoteWakeUp
</UL>

<P><STRONG><a name="[90]"></a>USB_EP0InEvent</STRONG> (Thumb, 176 bytes, Stack size 8 bytes, usbuser.o(i.USB_EP0InEvent))
<BR><BR>[Stack]<UL><LI>Max Depth = 52<LI>Call Chain = USB_EP0InEvent &rArr; USB_TableTransmit &rArr; USB_Comb_Bytetoword
</UL>
<BR>[Calls]<UL><LI><a href="#[3f]">&gt;&gt;</a>&nbsp;&nbsp;&nbsp;USB_TableTransmit
<LI><a href="#[91]">&gt;&gt;</a>&nbsp;&nbsp;&nbsp;Goto_Bootloader
<LI><a href="#[36]">&gt;&gt;</a>&nbsp;&nbsp;&nbsp;fnUSBINT_WriteFIFO
<LI><a href="#[38]">&gt;&gt;</a>&nbsp;&nbsp;&nbsp;USB_EPnStall
</UL>
<BR>[Called By]<UL><LI><a href="#[c]">&gt;&gt;</a>&nbsp;&nbsp;&nbsp;USB_IRQHandler
</UL>

<P><STRONG><a name="[92]"></a>USB_EP0OutEvent</STRONG> (Thumb, 208 bytes, Stack size 8 bytes, usbuser.o(i.USB_EP0OutEvent))
<BR><BR>[Stack]<UL><LI>Max Depth = 16<LI>Call Chain = USB_EP0OutEvent &rArr; USB_EPnAck
</UL>
<BR>[Calls]<UL><LI><a href="#[93]">&gt;&gt;</a>&nbsp;&nbsp;&nbsp;fnUSBINT_ReadFIFO
<LI><a href="#[37]">&gt;&gt;</a>&nbsp;&nbsp;&nbsp;USB_EPnAck
</UL>
<BR>[Called By]<UL><LI><a href="#[c]">&gt;&gt;</a>&nbsp;&nbsp;&nbsp;USB_IRQHandler
</UL>

<P><STRONG><a name="[94]"></a>USB_EP0SetupEvent</STRONG> (Thumb, 178 bytes, Stack size 16 bytes, usbuser.o(i.USB_EP0SetupEvent))
<BR><BR>[Stack]<UL><LI>Max Depth = 84<LI>Call Chain = USB_EP0SetupEvent &rArr; USB_HIDRequest &rArr; HID_GetReportEvent &rArr; HID_GetReportFeatureEvent &rArr; USB_TableTransmit &rArr; USB_Comb_Bytetoword
</UL>
<BR>[Calls]<UL><LI><a href="#[97]">&gt;&gt;</a>&nbsp;&nbsp;&nbsp;USB_HIDRequest
<LI><a href="#[96]">&gt;&gt;</a>&nbsp;&nbsp;&nbsp;USB_StandardRequest
<LI><a href="#[93]">&gt;&gt;</a>&nbsp;&nbsp;&nbsp;fnUSBINT_ReadFIFO
<LI><a href="#[95]">&gt;&gt;</a>&nbsp;&nbsp;&nbsp;USB_EPnNak
<LI><a href="#[38]">&gt;&gt;</a>&nbsp;&nbsp;&nbsp;USB_EPnStall
</UL>
<BR>[Called By]<UL><LI><a href="#[c]">&gt;&gt;</a>&nbsp;&nbsp;&nbsp;USB_IRQHandler
</UL>

<P><STRONG><a name="[a1]"></a>USB_EP1AckEvent</STRONG> (Thumb, 10 bytes, Stack size 0 bytes, usbhw.o(i.USB_EP1AckEvent))
<BR><BR>[Called By]<UL><LI><a href="#[c]">&gt;&gt;</a>&nbsp;&nbsp;&nbsp;USB_IRQHandler
</UL>

<P><STRONG><a name="[64]"></a>USB_EP1Function</STRONG> (Thumb, 178 bytes, Stack size 16 bytes, usbepfunc.o(i.USB_EP1Function))
<BR><BR>[Stack]<UL><LI>Max Depth = 24<LI>Call Chain = USB_EP1Function &rArr; USB_EPnAck
</UL>
<BR>[Calls]<UL><LI><a href="#[98]">&gt;&gt;</a>&nbsp;&nbsp;&nbsp;fnUSBMAIN_WriteFIFO
<LI><a href="#[38]">&gt;&gt;</a>&nbsp;&nbsp;&nbsp;USB_EPnStall
<LI><a href="#[37]">&gt;&gt;</a>&nbsp;&nbsp;&nbsp;USB_EPnAck
</UL>
<BR>[Called By]<UL><LI><a href="#[63]">&gt;&gt;</a>&nbsp;&nbsp;&nbsp;MN_IdleState
</UL>

<P><STRONG><a name="[a5]"></a>USB_EP1NakEvent</STRONG> (Thumb, 8 bytes, Stack size 0 bytes, usbhw.o(i.USB_EP1NakEvent))
<BR><BR>[Called By]<UL><LI><a href="#[c]">&gt;&gt;</a>&nbsp;&nbsp;&nbsp;USB_IRQHandler
</UL>

<P><STRONG><a name="[a2]"></a>USB_EP2AckEvent</STRONG> (Thumb, 10 bytes, Stack size 0 bytes, usbhw.o(i.USB_EP2AckEvent))
<BR><BR>[Called By]<UL><LI><a href="#[c]">&gt;&gt;</a>&nbsp;&nbsp;&nbsp;USB_IRQHandler
</UL>

<P><STRONG><a name="[65]"></a>USB_EP2Function</STRONG> (Thumb, 306 bytes, Stack size 16 bytes, usbepfunc.o(i.USB_EP2Function))
<BR><BR>[Stack]<UL><LI>Max Depth = 24<LI>Call Chain = USB_EP2Function &rArr; USB_EPnAck
</UL>
<BR>[Calls]<UL><LI><a href="#[98]">&gt;&gt;</a>&nbsp;&nbsp;&nbsp;fnUSBMAIN_WriteFIFO
<LI><a href="#[38]">&gt;&gt;</a>&nbsp;&nbsp;&nbsp;USB_EPnStall
<LI><a href="#[37]">&gt;&gt;</a>&nbsp;&nbsp;&nbsp;USB_EPnAck
</UL>
<BR>[Called By]<UL><LI><a href="#[63]">&gt;&gt;</a>&nbsp;&nbsp;&nbsp;MN_IdleState
</UL>

<P><STRONG><a name="[a6]"></a>USB_EP2NakEvent</STRONG> (Thumb, 8 bytes, Stack size 0 bytes, usbhw.o(i.USB_EP2NakEvent))
<BR><BR>[Called By]<UL><LI><a href="#[c]">&gt;&gt;</a>&nbsp;&nbsp;&nbsp;USB_IRQHandler
</UL>

<P><STRONG><a name="[a3]"></a>USB_EP3AckEvent</STRONG> (Thumb, 10 bytes, Stack size 0 bytes, usbhw.o(i.USB_EP3AckEvent))
<BR><BR>[Called By]<UL><LI><a href="#[c]">&gt;&gt;</a>&nbsp;&nbsp;&nbsp;USB_IRQHandler
</UL>

<P><STRONG><a name="[a7]"></a>USB_EP3NakEvent</STRONG> (Thumb, 8 bytes, Stack size 0 bytes, usbhw.o(i.USB_EP3NakEvent))
<BR><BR>[Called By]<UL><LI><a href="#[c]">&gt;&gt;</a>&nbsp;&nbsp;&nbsp;USB_IRQHandler
</UL>

<P><STRONG><a name="[a4]"></a>USB_EP4AckEvent</STRONG> (Thumb, 10 bytes, Stack size 0 bytes, usbhw.o(i.USB_EP4AckEvent))
<BR><BR>[Called By]<UL><LI><a href="#[c]">&gt;&gt;</a>&nbsp;&nbsp;&nbsp;USB_IRQHandler
</UL>

<P><STRONG><a name="[a8]"></a>USB_EP4NakEvent</STRONG> (Thumb, 8 bytes, Stack size 0 bytes, usbhw.o(i.USB_EP4NakEvent))
<BR><BR>[Called By]<UL><LI><a href="#[c]">&gt;&gt;</a>&nbsp;&nbsp;&nbsp;USB_IRQHandler
</UL>

<P><STRONG><a name="[37]"></a>USB_EPnAck</STRONG> (Thumb, 26 bytes, Stack size 8 bytes, usbhw.o(i.USB_EPnAck))
<BR><BR>[Stack]<UL><LI>Max Depth = 8<LI>Call Chain = USB_EPnAck
</UL>
<BR>[Called By]<UL><LI><a href="#[65]">&gt;&gt;</a>&nbsp;&nbsp;&nbsp;USB_EP2Function
<LI><a href="#[64]">&gt;&gt;</a>&nbsp;&nbsp;&nbsp;USB_EP1Function
<LI><a href="#[3f]">&gt;&gt;</a>&nbsp;&nbsp;&nbsp;USB_TableTransmit
<LI><a href="#[b9]">&gt;&gt;</a>&nbsp;&nbsp;&nbsp;USB_SetInterfaceEvent
<LI><a href="#[b8]">&gt;&gt;</a>&nbsp;&nbsp;&nbsp;USB_SetFeatureEvent
<LI><a href="#[b6]">&gt;&gt;</a>&nbsp;&nbsp;&nbsp;USB_SetConfigurationEvent
<LI><a href="#[b5]">&gt;&gt;</a>&nbsp;&nbsp;&nbsp;USB_SetAddressEvent
<LI><a href="#[9c]">&gt;&gt;</a>&nbsp;&nbsp;&nbsp;USB_GetStatusEvent
<LI><a href="#[9b]">&gt;&gt;</a>&nbsp;&nbsp;&nbsp;USB_GetInterfaceEvent
<LI><a href="#[99]">&gt;&gt;</a>&nbsp;&nbsp;&nbsp;USB_GetConfigurationEvent
<LI><a href="#[8f]">&gt;&gt;</a>&nbsp;&nbsp;&nbsp;USB_ClearFeatureEvent
<LI><a href="#[92]">&gt;&gt;</a>&nbsp;&nbsp;&nbsp;USB_EP0OutEvent
<LI><a href="#[43]">&gt;&gt;</a>&nbsp;&nbsp;&nbsp;HID_SetReportOutputEvent
<LI><a href="#[44]">&gt;&gt;</a>&nbsp;&nbsp;&nbsp;HID_SetReportFeatureEvent
<LI><a href="#[41]">&gt;&gt;</a>&nbsp;&nbsp;&nbsp;HID_SetProtocolEvent
<LI><a href="#[40]">&gt;&gt;</a>&nbsp;&nbsp;&nbsp;HID_SetIdleEvent
<LI><a href="#[3c]">&gt;&gt;</a>&nbsp;&nbsp;&nbsp;HID_GetReportOutputEvent
<LI><a href="#[3e]">&gt;&gt;</a>&nbsp;&nbsp;&nbsp;HID_GetReportInputIF1Event
<LI><a href="#[3b]">&gt;&gt;</a>&nbsp;&nbsp;&nbsp;HID_GetReportInputEvent
<LI><a href="#[3d]">&gt;&gt;</a>&nbsp;&nbsp;&nbsp;HID_GetReportFeatureEvent
<LI><a href="#[39]">&gt;&gt;</a>&nbsp;&nbsp;&nbsp;HID_GetProtocolEvent
<LI><a href="#[35]">&gt;&gt;</a>&nbsp;&nbsp;&nbsp;HID_GetIdleEvent
</UL>

<P><STRONG><a name="[ae]"></a>USB_EPnBufferOffset</STRONG> (Thumb, 20 bytes, Stack size 0 bytes, usbhw.o(i.USB_EPnBufferOffset))
<BR><BR>[Called By]<UL><LI><a href="#[aa]">&gt;&gt;</a>&nbsp;&nbsp;&nbsp;USB_Init
</UL>

<P><STRONG><a name="[b3]"></a>USB_EPnDisable</STRONG> (Thumb, 20 bytes, Stack size 0 bytes, usbhw.o(i.USB_EPnDisable))
<BR><BR>[Called By]<UL><LI><a href="#[b6]">&gt;&gt;</a>&nbsp;&nbsp;&nbsp;USB_SetConfigurationEvent
<LI><a href="#[9e]">&gt;&gt;</a>&nbsp;&nbsp;&nbsp;USB_ResetEvent
</UL>

<P><STRONG><a name="[95]"></a>USB_EPnNak</STRONG> (Thumb, 20 bytes, Stack size 0 bytes, usbhw.o(i.USB_EPnNak))
<BR><BR>[Called By]<UL><LI><a href="#[b6]">&gt;&gt;</a>&nbsp;&nbsp;&nbsp;USB_SetConfigurationEvent
<LI><a href="#[99]">&gt;&gt;</a>&nbsp;&nbsp;&nbsp;USB_GetConfigurationEvent
<LI><a href="#[94]">&gt;&gt;</a>&nbsp;&nbsp;&nbsp;USB_EP0SetupEvent
</UL>

<P><STRONG><a name="[38]"></a>USB_EPnStall</STRONG> (Thumb, 44 bytes, Stack size 0 bytes, usbhw.o(i.USB_EPnStall))
<BR><BR>[Called By]<UL><LI><a href="#[65]">&gt;&gt;</a>&nbsp;&nbsp;&nbsp;USB_EP2Function
<LI><a href="#[64]">&gt;&gt;</a>&nbsp;&nbsp;&nbsp;USB_EP1Function
<LI><a href="#[97]">&gt;&gt;</a>&nbsp;&nbsp;&nbsp;USB_HIDRequest
<LI><a href="#[96]">&gt;&gt;</a>&nbsp;&nbsp;&nbsp;USB_StandardRequest
<LI><a href="#[b9]">&gt;&gt;</a>&nbsp;&nbsp;&nbsp;USB_SetInterfaceEvent
<LI><a href="#[b8]">&gt;&gt;</a>&nbsp;&nbsp;&nbsp;USB_SetFeatureEvent
<LI><a href="#[b7]">&gt;&gt;</a>&nbsp;&nbsp;&nbsp;USB_SetDescriptorEvent
<LI><a href="#[b6]">&gt;&gt;</a>&nbsp;&nbsp;&nbsp;USB_SetConfigurationEvent
<LI><a href="#[9c]">&gt;&gt;</a>&nbsp;&nbsp;&nbsp;USB_GetStatusEvent
<LI><a href="#[9b]">&gt;&gt;</a>&nbsp;&nbsp;&nbsp;USB_GetInterfaceEvent
<LI><a href="#[9a]">&gt;&gt;</a>&nbsp;&nbsp;&nbsp;USB_GetDescriptorEvent
<LI><a href="#[8f]">&gt;&gt;</a>&nbsp;&nbsp;&nbsp;USB_ClearFeatureEvent
<LI><a href="#[9e]">&gt;&gt;</a>&nbsp;&nbsp;&nbsp;USB_ResetEvent
<LI><a href="#[94]">&gt;&gt;</a>&nbsp;&nbsp;&nbsp;USB_EP0SetupEvent
<LI><a href="#[90]">&gt;&gt;</a>&nbsp;&nbsp;&nbsp;USB_EP0InEvent
<LI><a href="#[c]">&gt;&gt;</a>&nbsp;&nbsp;&nbsp;USB_IRQHandler
<LI><a href="#[42]">&gt;&gt;</a>&nbsp;&nbsp;&nbsp;HID_SetReportEvent
<LI><a href="#[41]">&gt;&gt;</a>&nbsp;&nbsp;&nbsp;HID_SetProtocolEvent
<LI><a href="#[40]">&gt;&gt;</a>&nbsp;&nbsp;&nbsp;HID_SetIdleEvent
<LI><a href="#[3a]">&gt;&gt;</a>&nbsp;&nbsp;&nbsp;HID_GetReportEvent
<LI><a href="#[39]">&gt;&gt;</a>&nbsp;&nbsp;&nbsp;HID_GetProtocolEvent
<LI><a href="#[35]">&gt;&gt;</a>&nbsp;&nbsp;&nbsp;HID_GetIdleEvent
</UL>

<P><STRONG><a name="[99]"></a>USB_GetConfigurationEvent</STRONG> (Thumb, 66 bytes, Stack size 8 bytes, usbuser.o(i.USB_GetConfigurationEvent))
<BR><BR>[Stack]<UL><LI>Max Depth = 16<LI>Call Chain = USB_GetConfigurationEvent &rArr; USB_EPnAck
</UL>
<BR>[Calls]<UL><LI><a href="#[36]">&gt;&gt;</a>&nbsp;&nbsp;&nbsp;fnUSBINT_WriteFIFO
<LI><a href="#[95]">&gt;&gt;</a>&nbsp;&nbsp;&nbsp;USB_EPnNak
<LI><a href="#[37]">&gt;&gt;</a>&nbsp;&nbsp;&nbsp;USB_EPnAck
</UL>
<BR>[Called By]<UL><LI><a href="#[96]">&gt;&gt;</a>&nbsp;&nbsp;&nbsp;USB_StandardRequest
</UL>

<P><STRONG><a name="[9a]"></a>USB_GetDescriptorEvent</STRONG> (Thumb, 130 bytes, Stack size 16 bytes, usbuser.o(i.USB_GetDescriptorEvent))
<BR><BR>[Stack]<UL><LI>Max Depth = 60<LI>Call Chain = USB_GetDescriptorEvent &rArr; USB_TableTransmit &rArr; USB_Comb_Bytetoword
</UL>
<BR>[Calls]<UL><LI><a href="#[3f]">&gt;&gt;</a>&nbsp;&nbsp;&nbsp;USB_TableTransmit
<LI><a href="#[38]">&gt;&gt;</a>&nbsp;&nbsp;&nbsp;USB_EPnStall
</UL>
<BR>[Called By]<UL><LI><a href="#[96]">&gt;&gt;</a>&nbsp;&nbsp;&nbsp;USB_StandardRequest
</UL>

<P><STRONG><a name="[9b]"></a>USB_GetInterfaceEvent</STRONG> (Thumb, 76 bytes, Stack size 8 bytes, usbuser.o(i.USB_GetInterfaceEvent))
<BR><BR>[Stack]<UL><LI>Max Depth = 16<LI>Call Chain = USB_GetInterfaceEvent &rArr; USB_EPnAck
</UL>
<BR>[Calls]<UL><LI><a href="#[36]">&gt;&gt;</a>&nbsp;&nbsp;&nbsp;fnUSBINT_WriteFIFO
<LI><a href="#[38]">&gt;&gt;</a>&nbsp;&nbsp;&nbsp;USB_EPnStall
<LI><a href="#[37]">&gt;&gt;</a>&nbsp;&nbsp;&nbsp;USB_EPnAck
</UL>
<BR>[Called By]<UL><LI><a href="#[96]">&gt;&gt;</a>&nbsp;&nbsp;&nbsp;USB_StandardRequest
</UL>

<P><STRONG><a name="[9c]"></a>USB_GetStatusEvent</STRONG> (Thumb, 198 bytes, Stack size 16 bytes, usbuser.o(i.USB_GetStatusEvent))
<BR><BR>[Stack]<UL><LI>Max Depth = 24<LI>Call Chain = USB_GetStatusEvent &rArr; USB_EPnAck
</UL>
<BR>[Calls]<UL><LI><a href="#[36]">&gt;&gt;</a>&nbsp;&nbsp;&nbsp;fnUSBINT_WriteFIFO
<LI><a href="#[38]">&gt;&gt;</a>&nbsp;&nbsp;&nbsp;USB_EPnStall
<LI><a href="#[37]">&gt;&gt;</a>&nbsp;&nbsp;&nbsp;USB_EPnAck
</UL>
<BR>[Called By]<UL><LI><a href="#[96]">&gt;&gt;</a>&nbsp;&nbsp;&nbsp;USB_StandardRequest
</UL>

<P><STRONG><a name="[97]"></a>USB_HIDRequest</STRONG> (Thumb, 74 bytes, Stack size 8 bytes, hiduser.o(i.USB_HIDRequest))
<BR><BR>[Stack]<UL><LI>Max Depth = 68<LI>Call Chain = USB_HIDRequest &rArr; HID_GetReportEvent &rArr; HID_GetReportFeatureEvent &rArr; USB_TableTransmit &rArr; USB_Comb_Bytetoword
</UL>
<BR>[Calls]<UL><LI><a href="#[52]">&gt;&gt;</a>&nbsp;&nbsp;&nbsp;__ARM_common_switch8
<LI><a href="#[38]">&gt;&gt;</a>&nbsp;&nbsp;&nbsp;USB_EPnStall
<LI><a href="#[42]">&gt;&gt;</a>&nbsp;&nbsp;&nbsp;HID_SetReportEvent
<LI><a href="#[41]">&gt;&gt;</a>&nbsp;&nbsp;&nbsp;HID_SetProtocolEvent
<LI><a href="#[40]">&gt;&gt;</a>&nbsp;&nbsp;&nbsp;HID_SetIdleEvent
<LI><a href="#[3a]">&gt;&gt;</a>&nbsp;&nbsp;&nbsp;HID_GetReportEvent
<LI><a href="#[39]">&gt;&gt;</a>&nbsp;&nbsp;&nbsp;HID_GetProtocolEvent
<LI><a href="#[35]">&gt;&gt;</a>&nbsp;&nbsp;&nbsp;HID_GetIdleEvent
</UL>
<BR>[Called By]<UL><LI><a href="#[94]">&gt;&gt;</a>&nbsp;&nbsp;&nbsp;USB_EP0SetupEvent
</UL>

<P><STRONG><a name="[ac]"></a>USB_HidVar_Init</STRONG> (Thumb, 18 bytes, Stack size 0 bytes, hiduser.o(i.USB_HidVar_Init))
<BR><BR>[Called By]<UL><LI><a href="#[aa]">&gt;&gt;</a>&nbsp;&nbsp;&nbsp;USB_Init
</UL>

<P><STRONG><a name="[c]"></a>USB_IRQHandler</STRONG> (Thumb, 324 bytes, Stack size 8 bytes, usbhw.o(i.USB_IRQHandler))
<BR><BR>[Stack]<UL><LI>Max Depth = 92<LI>Call Chain = USB_IRQHandler &rArr; USB_EP0SetupEvent &rArr; USB_HIDRequest &rArr; HID_GetReportEvent &rArr; HID_GetReportFeatureEvent &rArr; USB_TableTransmit &rArr; USB_Comb_Bytetoword
</UL>
<BR>[Calls]<UL><LI><a href="#[9f]">&gt;&gt;</a>&nbsp;&nbsp;&nbsp;USB_SuspendEvent
<LI><a href="#[a9]">&gt;&gt;</a>&nbsp;&nbsp;&nbsp;USB_SOFEvent
<LI><a href="#[a0]">&gt;&gt;</a>&nbsp;&nbsp;&nbsp;USB_ResumeEvent
<LI><a href="#[9e]">&gt;&gt;</a>&nbsp;&nbsp;&nbsp;USB_ResetEvent
<LI><a href="#[94]">&gt;&gt;</a>&nbsp;&nbsp;&nbsp;USB_EP0SetupEvent
<LI><a href="#[92]">&gt;&gt;</a>&nbsp;&nbsp;&nbsp;USB_EP0OutEvent
<LI><a href="#[90]">&gt;&gt;</a>&nbsp;&nbsp;&nbsp;USB_EP0InEvent
<LI><a href="#[9d]">&gt;&gt;</a>&nbsp;&nbsp;&nbsp;USB_ReturntoNormal
<LI><a href="#[a8]">&gt;&gt;</a>&nbsp;&nbsp;&nbsp;USB_EP4NakEvent
<LI><a href="#[a4]">&gt;&gt;</a>&nbsp;&nbsp;&nbsp;USB_EP4AckEvent
<LI><a href="#[a7]">&gt;&gt;</a>&nbsp;&nbsp;&nbsp;USB_EP3NakEvent
<LI><a href="#[a3]">&gt;&gt;</a>&nbsp;&nbsp;&nbsp;USB_EP3AckEvent
<LI><a href="#[a6]">&gt;&gt;</a>&nbsp;&nbsp;&nbsp;USB_EP2NakEvent
<LI><a href="#[a2]">&gt;&gt;</a>&nbsp;&nbsp;&nbsp;USB_EP2AckEvent
<LI><a href="#[a5]">&gt;&gt;</a>&nbsp;&nbsp;&nbsp;USB_EP1NakEvent
<LI><a href="#[a1]">&gt;&gt;</a>&nbsp;&nbsp;&nbsp;USB_EP1AckEvent
<LI><a href="#[38]">&gt;&gt;</a>&nbsp;&nbsp;&nbsp;USB_EPnStall
</UL>
<BR>[Address Reference Count : 1]<UL><LI> startup_sn32f240b.o(RESET)
</UL>
<P><STRONG><a name="[aa]"></a>USB_Init</STRONG> (Thumb, 150 bytes, Stack size 16 bytes, usbhw.o(i.USB_Init))
<BR><BR>[Stack]<UL><LI>Max Depth = 32<LI>Call Chain = USB_Init &rArr; SystemCoreClockUpdate &rArr; __ARM_common_switch8
</UL>
<BR>[Calls]<UL><LI><a href="#[83]">&gt;&gt;</a>&nbsp;&nbsp;&nbsp;UT_MAIN_DelayNms
<LI><a href="#[ab]">&gt;&gt;</a>&nbsp;&nbsp;&nbsp;USB_StandardVar_Init
<LI><a href="#[ac]">&gt;&gt;</a>&nbsp;&nbsp;&nbsp;USB_HidVar_Init
<LI><a href="#[ad]">&gt;&gt;</a>&nbsp;&nbsp;&nbsp;SystemInit
<LI><a href="#[8d]">&gt;&gt;</a>&nbsp;&nbsp;&nbsp;SystemCoreClockUpdate
<LI><a href="#[ae]">&gt;&gt;</a>&nbsp;&nbsp;&nbsp;USB_EPnBufferOffset
<LI><a href="#[af]">&gt;&gt;</a>&nbsp;&nbsp;&nbsp;__NVIC_EnableIRQ
<LI><a href="#[88]">&gt;&gt;</a>&nbsp;&nbsp;&nbsp;__NVIC_ClearPendingIRQ
</UL>
<BR>[Called By]<UL><LI><a href="#[26]">&gt;&gt;</a>&nbsp;&nbsp;&nbsp;main
</UL>

<P><STRONG><a name="[b0]"></a>USB_RemoteWakeUp</STRONG> (Thumb, 36 bytes, Stack size 4 bytes, usbhw.o(i.USB_RemoteWakeUp))
<BR><BR>[Stack]<UL><LI>Max Depth = 4<LI>Call Chain = USB_RemoteWakeUp
</UL>
<BR>[Calls]<UL><LI><a href="#[b2]">&gt;&gt;</a>&nbsp;&nbsp;&nbsp;USB_DelayKstate
<LI><a href="#[b1]">&gt;&gt;</a>&nbsp;&nbsp;&nbsp;USB_DelayJstate
</UL>
<BR>[Called By]<UL><LI><a href="#[5f]">&gt;&gt;</a>&nbsp;&nbsp;&nbsp;USB_Suspend
</UL>

<P><STRONG><a name="[9e]"></a>USB_ResetEvent</STRONG> (Thumb, 46 bytes, Stack size 8 bytes, usbuser.o(i.USB_ResetEvent))
<BR><BR>[Stack]<UL><LI>Max Depth = 8<LI>Call Chain = USB_ResetEvent
</UL>
<BR>[Calls]<UL><LI><a href="#[b3]">&gt;&gt;</a>&nbsp;&nbsp;&nbsp;USB_EPnDisable
<LI><a href="#[38]">&gt;&gt;</a>&nbsp;&nbsp;&nbsp;USB_EPnStall
</UL>
<BR>[Called By]<UL><LI><a href="#[c]">&gt;&gt;</a>&nbsp;&nbsp;&nbsp;USB_IRQHandler
</UL>

<P><STRONG><a name="[a0]"></a>USB_ResumeEvent</STRONG> (Thumb, 22 bytes, Stack size 0 bytes, usbuser.o(i.USB_ResumeEvent))
<BR><BR>[Called By]<UL><LI><a href="#[c]">&gt;&gt;</a>&nbsp;&nbsp;&nbsp;USB_IRQHandler
</UL>

<P><STRONG><a name="[9d]"></a>USB_ReturntoNormal</STRONG> (Thumb, 16 bytes, Stack size 8 bytes, usbhw.o(i.USB_ReturntoNormal))
<BR><BR>[Stack]<UL><LI>Max Depth = 24<LI>Call Chain = USB_ReturntoNormal &rArr; SystemCoreClockUpdate &rArr; __ARM_common_switch8
</UL>
<BR>[Calls]<UL><LI><a href="#[b4]">&gt;&gt;</a>&nbsp;&nbsp;&nbsp;USB_WakeupEvent
<LI><a href="#[ad]">&gt;&gt;</a>&nbsp;&nbsp;&nbsp;SystemInit
<LI><a href="#[8d]">&gt;&gt;</a>&nbsp;&nbsp;&nbsp;SystemCoreClockUpdate
</UL>
<BR>[Called By]<UL><LI><a href="#[5f]">&gt;&gt;</a>&nbsp;&nbsp;&nbsp;USB_Suspend
<LI><a href="#[c]">&gt;&gt;</a>&nbsp;&nbsp;&nbsp;USB_IRQHandler
</UL>

<P><STRONG><a name="[a9]"></a>USB_SOFEvent</STRONG> (Thumb, 10 bytes, Stack size 0 bytes, usbuser.o(i.USB_SOFEvent))
<BR><BR>[Called By]<UL><LI><a href="#[c]">&gt;&gt;</a>&nbsp;&nbsp;&nbsp;USB_IRQHandler
</UL>

<P><STRONG><a name="[b5]"></a>USB_SetAddressEvent</STRONG> (Thumb, 78 bytes, Stack size 8 bytes, usbuser.o(i.USB_SetAddressEvent))
<BR><BR>[Stack]<UL><LI>Max Depth = 16<LI>Call Chain = USB_SetAddressEvent &rArr; USB_EPnAck
</UL>
<BR>[Calls]<UL><LI><a href="#[37]">&gt;&gt;</a>&nbsp;&nbsp;&nbsp;USB_EPnAck
</UL>
<BR>[Called By]<UL><LI><a href="#[96]">&gt;&gt;</a>&nbsp;&nbsp;&nbsp;USB_StandardRequest
</UL>

<P><STRONG><a name="[b6]"></a>USB_SetConfigurationEvent</STRONG> (Thumb, 190 bytes, Stack size 16 bytes, usbuser.o(i.USB_SetConfigurationEvent))
<BR><BR>[Stack]<UL><LI>Max Depth = 24<LI>Call Chain = USB_SetConfigurationEvent &rArr; USB_EPnAck
</UL>
<BR>[Calls]<UL><LI><a href="#[95]">&gt;&gt;</a>&nbsp;&nbsp;&nbsp;USB_EPnNak
<LI><a href="#[b3]">&gt;&gt;</a>&nbsp;&nbsp;&nbsp;USB_EPnDisable
<LI><a href="#[38]">&gt;&gt;</a>&nbsp;&nbsp;&nbsp;USB_EPnStall
<LI><a href="#[37]">&gt;&gt;</a>&nbsp;&nbsp;&nbsp;USB_EPnAck
</UL>
<BR>[Called By]<UL><LI><a href="#[96]">&gt;&gt;</a>&nbsp;&nbsp;&nbsp;USB_StandardRequest
</UL>

<P><STRONG><a name="[b7]"></a>USB_SetDescriptorEvent</STRONG> (Thumb, 10 bytes, Stack size 8 bytes, usbuser.o(i.USB_SetDescriptorEvent))
<BR><BR>[Stack]<UL><LI>Max Depth = 8<LI>Call Chain = USB_SetDescriptorEvent
</UL>
<BR>[Calls]<UL><LI><a href="#[38]">&gt;&gt;</a>&nbsp;&nbsp;&nbsp;USB_EPnStall
</UL>
<BR>[Called By]<UL><LI><a href="#[96]">&gt;&gt;</a>&nbsp;&nbsp;&nbsp;USB_StandardRequest
</UL>

<P><STRONG><a name="[b8]"></a>USB_SetFeatureEvent</STRONG> (Thumb, 140 bytes, Stack size 16 bytes, usbuser.o(i.USB_SetFeatureEvent))
<BR><BR>[Stack]<UL><LI>Max Depth = 24<LI>Call Chain = USB_SetFeatureEvent &rArr; USB_EPnAck
</UL>
<BR>[Calls]<UL><LI><a href="#[38]">&gt;&gt;</a>&nbsp;&nbsp;&nbsp;USB_EPnStall
<LI><a href="#[37]">&gt;&gt;</a>&nbsp;&nbsp;&nbsp;USB_EPnAck
</UL>
<BR>[Called By]<UL><LI><a href="#[96]">&gt;&gt;</a>&nbsp;&nbsp;&nbsp;USB_StandardRequest
</UL>

<P><STRONG><a name="[b9]"></a>USB_SetInterfaceEvent</STRONG> (Thumb, 92 bytes, Stack size 16 bytes, usbuser.o(i.USB_SetInterfaceEvent))
<BR><BR>[Stack]<UL><LI>Max Depth = 24<LI>Call Chain = USB_SetInterfaceEvent &rArr; USB_EPnAck
</UL>
<BR>[Calls]<UL><LI><a href="#[ba]">&gt;&gt;</a>&nbsp;&nbsp;&nbsp;USB_ClrEPnToggle
<LI><a href="#[38]">&gt;&gt;</a>&nbsp;&nbsp;&nbsp;USB_EPnStall
<LI><a href="#[37]">&gt;&gt;</a>&nbsp;&nbsp;&nbsp;USB_EPnAck
</UL>
<BR>[Called By]<UL><LI><a href="#[96]">&gt;&gt;</a>&nbsp;&nbsp;&nbsp;USB_StandardRequest
</UL>

<P><STRONG><a name="[96]"></a>USB_StandardRequest</STRONG> (Thumb, 98 bytes, Stack size 8 bytes, usbuser.o(i.USB_StandardRequest))
<BR><BR>[Stack]<UL><LI>Max Depth = 68<LI>Call Chain = USB_StandardRequest &rArr; USB_GetDescriptorEvent &rArr; USB_TableTransmit &rArr; USB_Comb_Bytetoword
</UL>
<BR>[Calls]<UL><LI><a href="#[52]">&gt;&gt;</a>&nbsp;&nbsp;&nbsp;__ARM_common_switch8
<LI><a href="#[b9]">&gt;&gt;</a>&nbsp;&nbsp;&nbsp;USB_SetInterfaceEvent
<LI><a href="#[b8]">&gt;&gt;</a>&nbsp;&nbsp;&nbsp;USB_SetFeatureEvent
<LI><a href="#[b7]">&gt;&gt;</a>&nbsp;&nbsp;&nbsp;USB_SetDescriptorEvent
<LI><a href="#[b6]">&gt;&gt;</a>&nbsp;&nbsp;&nbsp;USB_SetConfigurationEvent
<LI><a href="#[b5]">&gt;&gt;</a>&nbsp;&nbsp;&nbsp;USB_SetAddressEvent
<LI><a href="#[9c]">&gt;&gt;</a>&nbsp;&nbsp;&nbsp;USB_GetStatusEvent
<LI><a href="#[9b]">&gt;&gt;</a>&nbsp;&nbsp;&nbsp;USB_GetInterfaceEvent
<LI><a href="#[9a]">&gt;&gt;</a>&nbsp;&nbsp;&nbsp;USB_GetDescriptorEvent
<LI><a href="#[99]">&gt;&gt;</a>&nbsp;&nbsp;&nbsp;USB_GetConfigurationEvent
<LI><a href="#[8f]">&gt;&gt;</a>&nbsp;&nbsp;&nbsp;USB_ClearFeatureEvent
<LI><a href="#[38]">&gt;&gt;</a>&nbsp;&nbsp;&nbsp;USB_EPnStall
</UL>
<BR>[Called By]<UL><LI><a href="#[94]">&gt;&gt;</a>&nbsp;&nbsp;&nbsp;USB_EP0SetupEvent
</UL>

<P><STRONG><a name="[ab]"></a>USB_StandardVar_Init</STRONG> (Thumb, 70 bytes, Stack size 0 bytes, usbuser.o(i.USB_StandardVar_Init))
<BR><BR>[Called By]<UL><LI><a href="#[aa]">&gt;&gt;</a>&nbsp;&nbsp;&nbsp;USB_Init
</UL>

<P><STRONG><a name="[5f]"></a>USB_Suspend</STRONG> (Thumb, 230 bytes, Stack size 16 bytes, usbhw.o(i.USB_Suspend))
<BR><BR>[Stack]<UL><LI>Max Depth = 40<LI>Call Chain = USB_Suspend &rArr; USB_ReturntoNormal &rArr; SystemCoreClockUpdate &rArr; __ARM_common_switch8
</UL>
<BR>[Calls]<UL><LI><a href="#[6f]">&gt;&gt;</a>&nbsp;&nbsp;&nbsp;UT_MAIN_DelayNx10us
<LI><a href="#[bb]">&gt;&gt;</a>&nbsp;&nbsp;&nbsp;USB_SwitchtoSlow
<LI><a href="#[9d]">&gt;&gt;</a>&nbsp;&nbsp;&nbsp;USB_ReturntoNormal
<LI><a href="#[b0]">&gt;&gt;</a>&nbsp;&nbsp;&nbsp;USB_RemoteWakeUp
</UL>
<BR>[Called By]<UL><LI><a href="#[5c]">&gt;&gt;</a>&nbsp;&nbsp;&nbsp;MN_BootState
</UL>

<P><STRONG><a name="[9f]"></a>USB_SuspendEvent</STRONG> (Thumb, 14 bytes, Stack size 0 bytes, usbuser.o(i.USB_SuspendEvent))
<BR><BR>[Called By]<UL><LI><a href="#[c]">&gt;&gt;</a>&nbsp;&nbsp;&nbsp;USB_IRQHandler
</UL>

<P><STRONG><a name="[bb]"></a>USB_SwitchtoSlow</STRONG> (Thumb, 52 bytes, Stack size 0 bytes, usbhw.o(i.USB_SwitchtoSlow))
<BR><BR>[Called By]<UL><LI><a href="#[5f]">&gt;&gt;</a>&nbsp;&nbsp;&nbsp;USB_Suspend
</UL>

<P><STRONG><a name="[3f]"></a>USB_TableTransmit</STRONG> (Thumb, 176 bytes, Stack size 24 bytes, usbuser.o(i.USB_TableTransmit))
<BR><BR>[Stack]<UL><LI>Max Depth = 44<LI>Call Chain = USB_TableTransmit &rArr; USB_Comb_Bytetoword
</UL>
<BR>[Calls]<UL><LI><a href="#[bc]">&gt;&gt;</a>&nbsp;&nbsp;&nbsp;USB_Comb_Bytetoword
<LI><a href="#[36]">&gt;&gt;</a>&nbsp;&nbsp;&nbsp;fnUSBINT_WriteFIFO
<LI><a href="#[37]">&gt;&gt;</a>&nbsp;&nbsp;&nbsp;USB_EPnAck
</UL>
<BR>[Called By]<UL><LI><a href="#[9a]">&gt;&gt;</a>&nbsp;&nbsp;&nbsp;USB_GetDescriptorEvent
<LI><a href="#[90]">&gt;&gt;</a>&nbsp;&nbsp;&nbsp;USB_EP0InEvent
<LI><a href="#[3d]">&gt;&gt;</a>&nbsp;&nbsp;&nbsp;HID_GetReportFeatureEvent
</UL>

<P><STRONG><a name="[b4]"></a>USB_WakeupEvent</STRONG> (Thumb, 22 bytes, Stack size 0 bytes, usbuser.o(i.USB_WakeupEvent))
<BR><BR>[Called By]<UL><LI><a href="#[9d]">&gt;&gt;</a>&nbsp;&nbsp;&nbsp;USB_ReturntoNormal
</UL>

<P><STRONG><a name="[83]"></a>UT_MAIN_DelayNms</STRONG> (Thumb, 28 bytes, Stack size 4 bytes, utility.o(i.UT_MAIN_DelayNms))
<BR><BR>[Stack]<UL><LI>Max Depth = 4<LI>Call Chain = UT_MAIN_DelayNms
</UL>
<BR>[Calls]<UL><LI><a href="#[6f]">&gt;&gt;</a>&nbsp;&nbsp;&nbsp;UT_MAIN_DelayNx10us
</UL>
<BR>[Called By]<UL><LI><a href="#[5e]">&gt;&gt;</a>&nbsp;&nbsp;&nbsp;MS_SuspendSetting
<LI><a href="#[aa]">&gt;&gt;</a>&nbsp;&nbsp;&nbsp;USB_Init
<LI><a href="#[c6]">&gt;&gt;</a>&nbsp;&nbsp;&nbsp;spiDownload_SROM
<LI><a href="#[c5]">&gt;&gt;</a>&nbsp;&nbsp;&nbsp;spiChecksum_SROM
<LI><a href="#[7e]">&gt;&gt;</a>&nbsp;&nbsp;&nbsp;sensorPowerUp
</UL>

<P><STRONG><a name="[6f]"></a>UT_MAIN_DelayNx10us</STRONG> (Thumb, 22 bytes, Stack size 0 bytes, utility.o(i.UT_MAIN_DelayNx10us))
<BR><BR>[Called By]<UL><LI><a href="#[83]">&gt;&gt;</a>&nbsp;&nbsp;&nbsp;UT_MAIN_DelayNms
<LI><a href="#[73]">&gt;&gt;</a>&nbsp;&nbsp;&nbsp;MS_WheelInit
<LI><a href="#[5f]">&gt;&gt;</a>&nbsp;&nbsp;&nbsp;USB_Suspend
<LI><a href="#[5e]">&gt;&gt;</a>&nbsp;&nbsp;&nbsp;MS_SuspendSetting
<LI><a href="#[8c]">&gt;&gt;</a>&nbsp;&nbsp;&nbsp;SPI_W_NBYTE
<LI><a href="#[70]">&gt;&gt;</a>&nbsp;&nbsp;&nbsp;SPI_W_2BYTE
<LI><a href="#[8a]">&gt;&gt;</a>&nbsp;&nbsp;&nbsp;SPI_R_BYTE
<LI><a href="#[71]">&gt;&gt;</a>&nbsp;&nbsp;&nbsp;SPI_Burst_Read
<LI><a href="#[c6]">&gt;&gt;</a>&nbsp;&nbsp;&nbsp;spiDownload_SROM
<LI><a href="#[c5]">&gt;&gt;</a>&nbsp;&nbsp;&nbsp;spiChecksum_SROM
<LI><a href="#[6d]">&gt;&gt;</a>&nbsp;&nbsp;&nbsp;MN_SensorState
</UL>

<P><STRONG><a name="[8b]"></a>UT_MAIN_DelayNx1us</STRONG> (Thumb, 16 bytes, Stack size 0 bytes, utility.o(i.UT_MAIN_DelayNx1us))
<BR><BR>[Called By]<UL><LI><a href="#[8c]">&gt;&gt;</a>&nbsp;&nbsp;&nbsp;SPI_W_NBYTE
<LI><a href="#[70]">&gt;&gt;</a>&nbsp;&nbsp;&nbsp;SPI_W_2BYTE
<LI><a href="#[8a]">&gt;&gt;</a>&nbsp;&nbsp;&nbsp;SPI_R_BYTE
</UL>

<P><STRONG><a name="[89]"></a>UT_MAIN_DelayNx5us</STRONG> (Thumb, 24 bytes, Stack size 0 bytes, utility.o(i.UT_MAIN_DelayNx5us))
<BR><BR>[Called By]<UL><LI><a href="#[71]">&gt;&gt;</a>&nbsp;&nbsp;&nbsp;SPI_Burst_Read
</UL>

<P><STRONG><a name="[c1]"></a>WDT_Init</STRONG> (Thumb, 36 bytes, Stack size 0 bytes, main.o(i.WDT_Init))
<BR><BR>[Called By]<UL><LI><a href="#[26]">&gt;&gt;</a>&nbsp;&nbsp;&nbsp;main
</UL>

<P><STRONG><a name="[52]"></a>__ARM_common_switch8</STRONG> (Thumb, 28 bytes, Stack size 8 bytes, led.o(i.__ARM_common_switch8))
<BR><BR>[Stack]<UL><LI>Max Depth = 8<LI>Call Chain = __ARM_common_switch8
</UL>
<BR>[Called By]<UL><LI><a href="#[51]">&gt;&gt;</a>&nbsp;&nbsp;&nbsp;decode_DPI_Stage
<LI><a href="#[6c]">&gt;&gt;</a>&nbsp;&nbsp;&nbsp;MN_LEDState
<LI><a href="#[48]">&gt;&gt;</a>&nbsp;&nbsp;&nbsp;LED_Mode_ReInit
<LI><a href="#[97]">&gt;&gt;</a>&nbsp;&nbsp;&nbsp;USB_HIDRequest
<LI><a href="#[96]">&gt;&gt;</a>&nbsp;&nbsp;&nbsp;USB_StandardRequest
<LI><a href="#[8d]">&gt;&gt;</a>&nbsp;&nbsp;&nbsp;SystemCoreClockUpdate
<LI><a href="#[26]">&gt;&gt;</a>&nbsp;&nbsp;&nbsp;main
</UL>

<P><STRONG><a name="[6e]"></a>checkSROM</STRONG> (Thumb, 50 bytes, Stack size 8 bytes, avago_api.o(i.checkSROM))
<BR><BR>[Stack]<UL><LI>Max Depth = 72<LI>Call Chain = checkSROM &rArr; updateSensorFirmware &rArr; spiDownload_SROM &rArr; SPI_W_NBYTE
</UL>
<BR>[Calls]<UL><LI><a href="#[8a]">&gt;&gt;</a>&nbsp;&nbsp;&nbsp;SPI_R_BYTE
<LI><a href="#[bd]">&gt;&gt;</a>&nbsp;&nbsp;&nbsp;updateSensorFirmware
</UL>
<BR>[Called By]<UL><LI><a href="#[6d]">&gt;&gt;</a>&nbsp;&nbsp;&nbsp;MN_SensorState
</UL>

<P><STRONG><a name="[7b]"></a>crc16</STRONG> (Thumb, 50 bytes, Stack size 12 bytes, usb_protocol.o(i.crc16))
<BR><BR>[Stack]<UL><LI>Max Depth = 12<LI>Call Chain = crc16
</UL>
<BR>[Called By]<UL><LI><a href="#[79]">&gt;&gt;</a>&nbsp;&nbsp;&nbsp;MS_RamInit
<LI><a href="#[67]">&gt;&gt;</a>&nbsp;&nbsp;&nbsp;processVariableUpdate
</UL>

<P><STRONG><a name="[51]"></a>decode_DPI_Stage</STRONG> (Thumb, 98 bytes, Stack size 4 bytes, led.o(i.decode_DPI_Stage))
<BR><BR>[Stack]<UL><LI>Max Depth = 12<LI>Call Chain = decode_DPI_Stage &rArr; __ARM_common_switch8
</UL>
<BR>[Calls]<UL><LI><a href="#[52]">&gt;&gt;</a>&nbsp;&nbsp;&nbsp;__ARM_common_switch8
</UL>
<BR>[Called By]<UL><LI><a href="#[75]">&gt;&gt;</a>&nbsp;&nbsp;&nbsp;MS_SensorDPISetting_by_SPI
<LI><a href="#[48]">&gt;&gt;</a>&nbsp;&nbsp;&nbsp;LED_Mode_ReInit
</UL>

<P><STRONG><a name="[93]"></a>fnUSBINT_ReadFIFO</STRONG> (Thumb, 38 bytes, Stack size 0 bytes, usbhw.o(i.fnUSBINT_ReadFIFO))
<BR><BR>[Called By]<UL><LI><a href="#[94]">&gt;&gt;</a>&nbsp;&nbsp;&nbsp;USB_EP0SetupEvent
<LI><a href="#[92]">&gt;&gt;</a>&nbsp;&nbsp;&nbsp;USB_EP0OutEvent
</UL>

<P><STRONG><a name="[36]"></a>fnUSBINT_WriteFIFO</STRONG> (Thumb, 32 bytes, Stack size 0 bytes, usbhw.o(i.fnUSBINT_WriteFIFO))
<BR><BR>[Called By]<UL><LI><a href="#[3f]">&gt;&gt;</a>&nbsp;&nbsp;&nbsp;USB_TableTransmit
<LI><a href="#[9c]">&gt;&gt;</a>&nbsp;&nbsp;&nbsp;USB_GetStatusEvent
<LI><a href="#[9b]">&gt;&gt;</a>&nbsp;&nbsp;&nbsp;USB_GetInterfaceEvent
<LI><a href="#[99]">&gt;&gt;</a>&nbsp;&nbsp;&nbsp;USB_GetConfigurationEvent
<LI><a href="#[90]">&gt;&gt;</a>&nbsp;&nbsp;&nbsp;USB_EP0InEvent
<LI><a href="#[3c]">&gt;&gt;</a>&nbsp;&nbsp;&nbsp;HID_GetReportOutputEvent
<LI><a href="#[39]">&gt;&gt;</a>&nbsp;&nbsp;&nbsp;HID_GetProtocolEvent
<LI><a href="#[35]">&gt;&gt;</a>&nbsp;&nbsp;&nbsp;HID_GetIdleEvent
</UL>

<P><STRONG><a name="[98]"></a>fnUSBMAIN_WriteFIFO</STRONG> (Thumb, 28 bytes, Stack size 0 bytes, usbhw.o(i.fnUSBMAIN_WriteFIFO))
<BR><BR>[Called By]<UL><LI><a href="#[65]">&gt;&gt;</a>&nbsp;&nbsp;&nbsp;USB_EP2Function
<LI><a href="#[64]">&gt;&gt;</a>&nbsp;&nbsp;&nbsp;USB_EP1Function
</UL>

<P><STRONG><a name="[26]"></a>main</STRONG> (Thumb, 114 bytes, Stack size 0 bytes, main.o(i.main))
<BR><BR>[Stack]<UL><LI>Max Depth = 184<LI>Call Chain = main &rArr; MN_LEDState &rArr; LED_Mode_Reaction &rArr; LED_ReflashPWMDuty
</UL>
<BR>[Calls]<UL><LI><a href="#[79]">&gt;&gt;</a>&nbsp;&nbsp;&nbsp;MS_RamInit
<LI><a href="#[bf]">&gt;&gt;</a>&nbsp;&nbsp;&nbsp;MS_GpioInit
<LI><a href="#[63]">&gt;&gt;</a>&nbsp;&nbsp;&nbsp;MN_IdleState
<LI><a href="#[5c]">&gt;&gt;</a>&nbsp;&nbsp;&nbsp;MN_BootState
<LI><a href="#[52]">&gt;&gt;</a>&nbsp;&nbsp;&nbsp;__ARM_common_switch8
<LI><a href="#[6c]">&gt;&gt;</a>&nbsp;&nbsp;&nbsp;MN_LEDState
<LI><a href="#[47]">&gt;&gt;</a>&nbsp;&nbsp;&nbsp;LED_Init
<LI><a href="#[c0]">&gt;&gt;</a>&nbsp;&nbsp;&nbsp;SPI0_Init
<LI><a href="#[61]">&gt;&gt;</a>&nbsp;&nbsp;&nbsp;CT16B1_Init
<LI><a href="#[ad]">&gt;&gt;</a>&nbsp;&nbsp;&nbsp;SystemInit
<LI><a href="#[8d]">&gt;&gt;</a>&nbsp;&nbsp;&nbsp;SystemCoreClockUpdate
<LI><a href="#[aa]">&gt;&gt;</a>&nbsp;&nbsp;&nbsp;USB_Init
<LI><a href="#[72]">&gt;&gt;</a>&nbsp;&nbsp;&nbsp;MN_WheelState
<LI><a href="#[68]">&gt;&gt;</a>&nbsp;&nbsp;&nbsp;MN_KeyScanState
<LI><a href="#[6d]">&gt;&gt;</a>&nbsp;&nbsp;&nbsp;MN_SensorState
<LI><a href="#[c1]">&gt;&gt;</a>&nbsp;&nbsp;&nbsp;WDT_Init
<LI><a href="#[be]">&gt;&gt;</a>&nbsp;&nbsp;&nbsp;PFPA_Init
</UL>
<BR>[Called By]<UL><LI><a href="#[25]">&gt;&gt;</a>&nbsp;&nbsp;&nbsp;__rt_entry_main
</UL>

<P><STRONG><a name="[7a]"></a>memoryCopy</STRONG> (Thumb, 28 bytes, Stack size 16 bytes, usb_protocol.o(i.memoryCopy))
<BR><BR>[Stack]<UL><LI>Max Depth = 16<LI>Call Chain = memoryCopy
</UL>
<BR>[Called By]<UL><LI><a href="#[79]">&gt;&gt;</a>&nbsp;&nbsp;&nbsp;MS_RamInit
</UL>

<P><STRONG><a name="[c2]"></a>processDeviceInfoCommand</STRONG> (Thumb, 712 bytes, Stack size 40 bytes, usb_protocol.o(i.processDeviceInfoCommand))
<BR><BR>[Stack]<UL><LI>Max Depth = 56<LI>Call Chain = processDeviceInfoCommand &rArr; SPI_W_2BYTE
</UL>
<BR>[Calls]<UL><LI><a href="#[76]">&gt;&gt;</a>&nbsp;&nbsp;&nbsp;requestVariableUpdate
<LI><a href="#[70]">&gt;&gt;</a>&nbsp;&nbsp;&nbsp;SPI_W_2BYTE
<LI><a href="#[c3]">&gt;&gt;</a>&nbsp;&nbsp;&nbsp;__aeabi_idivmod
</UL>
<BR>[Called By]<UL><LI><a href="#[66]">&gt;&gt;</a>&nbsp;&nbsp;&nbsp;processPendingCommand
</UL>

<P><STRONG><a name="[c4]"></a>processLedCommand</STRONG> (Thumb, 164 bytes, Stack size 16 bytes, usb_protocol.o(i.processLedCommand))
<BR><BR>[Stack]<UL><LI>Max Depth = 32<LI>Call Chain = processLedCommand &rArr; LED_Mode_ReInit &rArr; decode_DPI_Stage &rArr; __ARM_common_switch8
</UL>
<BR>[Calls]<UL><LI><a href="#[76]">&gt;&gt;</a>&nbsp;&nbsp;&nbsp;requestVariableUpdate
<LI><a href="#[48]">&gt;&gt;</a>&nbsp;&nbsp;&nbsp;LED_Mode_ReInit
</UL>
<BR>[Called By]<UL><LI><a href="#[66]">&gt;&gt;</a>&nbsp;&nbsp;&nbsp;processPendingCommand
</UL>

<P><STRONG><a name="[66]"></a>processPendingCommand</STRONG> (Thumb, 74 bytes, Stack size 8 bytes, usb_protocol.o(i.processPendingCommand))
<BR><BR>[Stack]<UL><LI>Max Depth = 64<LI>Call Chain = processPendingCommand &rArr; processDeviceInfoCommand &rArr; SPI_W_2BYTE
</UL>
<BR>[Calls]<UL><LI><a href="#[c4]">&gt;&gt;</a>&nbsp;&nbsp;&nbsp;processLedCommand
<LI><a href="#[c2]">&gt;&gt;</a>&nbsp;&nbsp;&nbsp;processDeviceInfoCommand
</UL>
<BR>[Called By]<UL><LI><a href="#[63]">&gt;&gt;</a>&nbsp;&nbsp;&nbsp;MN_IdleState
</UL>

<P><STRONG><a name="[67]"></a>processVariableUpdate</STRONG> (Thumb, 334 bytes, Stack size 8 bytes, usb_protocol.o(i.processVariableUpdate))
<BR><BR>[Stack]<UL><LI>Max Depth = 40<LI>Call Chain = processVariableUpdate &rArr; FLASH_Program &rArr; FLASH_ProgramPage
</UL>
<BR>[Calls]<UL><LI><a href="#[7b]">&gt;&gt;</a>&nbsp;&nbsp;&nbsp;crc16
<LI><a href="#[33]">&gt;&gt;</a>&nbsp;&nbsp;&nbsp;FLASH_Program
</UL>
<BR>[Called By]<UL><LI><a href="#[63]">&gt;&gt;</a>&nbsp;&nbsp;&nbsp;MN_IdleState
</UL>

<P><STRONG><a name="[76]"></a>requestVariableUpdate</STRONG> (Thumb, 80 bytes, Stack size 0 bytes, usb_protocol.o(i.requestVariableUpdate))
<BR><BR>[Called By]<UL><LI><a href="#[79]">&gt;&gt;</a>&nbsp;&nbsp;&nbsp;MS_RamInit
<LI><a href="#[46]">&gt;&gt;</a>&nbsp;&nbsp;&nbsp;MS_BufferUsbKey
<LI><a href="#[c4]">&gt;&gt;</a>&nbsp;&nbsp;&nbsp;processLedCommand
<LI><a href="#[c2]">&gt;&gt;</a>&nbsp;&nbsp;&nbsp;processDeviceInfoCommand
</UL>

<P><STRONG><a name="[7e]"></a>sensorPowerUp</STRONG> (Thumb, 90 bytes, Stack size 8 bytes, avago_api.o(i.sensorPowerUp))
<BR><BR>[Stack]<UL><LI>Max Depth = 24<LI>Call Chain = sensorPowerUp &rArr; SPI_W_2BYTE
</UL>
<BR>[Calls]<UL><LI><a href="#[83]">&gt;&gt;</a>&nbsp;&nbsp;&nbsp;UT_MAIN_DelayNms
<LI><a href="#[70]">&gt;&gt;</a>&nbsp;&nbsp;&nbsp;SPI_W_2BYTE
<LI><a href="#[8a]">&gt;&gt;</a>&nbsp;&nbsp;&nbsp;SPI_R_BYTE
</UL>
<BR>[Called By]<UL><LI><a href="#[77]">&gt;&gt;</a>&nbsp;&nbsp;&nbsp;MS_SensorInit
<LI><a href="#[bd]">&gt;&gt;</a>&nbsp;&nbsp;&nbsp;updateSensorFirmware
</UL>

<P><STRONG><a name="[7d]"></a>setResolution</STRONG> (Thumb, 84 bytes, Stack size 16 bytes, mouse_sensor.o(i.setResolution))
<BR><BR>[Stack]<UL><LI>Max Depth = 32<LI>Call Chain = setResolution &rArr; SPI_W_2BYTE
</UL>
<BR>[Calls]<UL><LI><a href="#[70]">&gt;&gt;</a>&nbsp;&nbsp;&nbsp;SPI_W_2BYTE
<LI><a href="#[c3]">&gt;&gt;</a>&nbsp;&nbsp;&nbsp;__aeabi_idivmod
</UL>
<BR>[Called By]<UL><LI><a href="#[75]">&gt;&gt;</a>&nbsp;&nbsp;&nbsp;MS_SensorDPISetting_by_SPI
<LI><a href="#[bd]">&gt;&gt;</a>&nbsp;&nbsp;&nbsp;updateSensorFirmware
</UL>

<P><STRONG><a name="[c5]"></a>spiChecksum_SROM</STRONG> (Thumb, 150 bytes, Stack size 16 bytes, avago_api.o(i.spiChecksum_SROM))
<BR><BR>[Stack]<UL><LI>Max Depth = 32<LI>Call Chain = spiChecksum_SROM &rArr; SPI_W_2BYTE
</UL>
<BR>[Calls]<UL><LI><a href="#[83]">&gt;&gt;</a>&nbsp;&nbsp;&nbsp;UT_MAIN_DelayNms
<LI><a href="#[6f]">&gt;&gt;</a>&nbsp;&nbsp;&nbsp;UT_MAIN_DelayNx10us
<LI><a href="#[70]">&gt;&gt;</a>&nbsp;&nbsp;&nbsp;SPI_W_2BYTE
<LI><a href="#[8a]">&gt;&gt;</a>&nbsp;&nbsp;&nbsp;SPI_R_BYTE
</UL>
<BR>[Called By]<UL><LI><a href="#[bd]">&gt;&gt;</a>&nbsp;&nbsp;&nbsp;updateSensorFirmware
</UL>

<P><STRONG><a name="[c6]"></a>spiDownload_SROM</STRONG> (Thumb, 58 bytes, Stack size 8 bytes, avago_api.o(i.spiDownload_SROM))
<BR><BR>[Stack]<UL><LI>Max Depth = 48<LI>Call Chain = spiDownload_SROM &rArr; SPI_W_NBYTE
</UL>
<BR>[Calls]<UL><LI><a href="#[83]">&gt;&gt;</a>&nbsp;&nbsp;&nbsp;UT_MAIN_DelayNms
<LI><a href="#[6f]">&gt;&gt;</a>&nbsp;&nbsp;&nbsp;UT_MAIN_DelayNx10us
<LI><a href="#[8c]">&gt;&gt;</a>&nbsp;&nbsp;&nbsp;SPI_W_NBYTE
<LI><a href="#[70]">&gt;&gt;</a>&nbsp;&nbsp;&nbsp;SPI_W_2BYTE
</UL>
<BR>[Called By]<UL><LI><a href="#[bd]">&gt;&gt;</a>&nbsp;&nbsp;&nbsp;updateSensorFirmware
</UL>

<P><STRONG><a name="[bd]"></a>updateSensorFirmware</STRONG> (Thumb, 92 bytes, Stack size 16 bytes, avago_api.o(i.updateSensorFirmware))
<BR><BR>[Stack]<UL><LI>Max Depth = 64<LI>Call Chain = updateSensorFirmware &rArr; spiDownload_SROM &rArr; SPI_W_NBYTE
</UL>
<BR>[Calls]<UL><LI><a href="#[7d]">&gt;&gt;</a>&nbsp;&nbsp;&nbsp;setResolution
<LI><a href="#[c6]">&gt;&gt;</a>&nbsp;&nbsp;&nbsp;spiDownload_SROM
<LI><a href="#[c5]">&gt;&gt;</a>&nbsp;&nbsp;&nbsp;spiChecksum_SROM
<LI><a href="#[7e]">&gt;&gt;</a>&nbsp;&nbsp;&nbsp;sensorPowerUp
</UL>
<BR>[Called By]<UL><LI><a href="#[6e]">&gt;&gt;</a>&nbsp;&nbsp;&nbsp;checkSROM
</UL>
<P>
<H3>
Local Symbols
</H3>
<P><STRONG><a name="[31]"></a>__NVIC_ClearPendingIRQ</STRONG> (Thumb, 18 bytes, Stack size 0 bytes, ct16b0.o(i.__NVIC_ClearPendingIRQ))
<BR><BR>[Called By]<UL><LI><a href="#[30]">&gt;&gt;</a>&nbsp;&nbsp;&nbsp;CT16B0_Init
</UL>

<P><STRONG><a name="[32]"></a>__NVIC_EnableIRQ</STRONG> (Thumb, 18 bytes, Stack size 0 bytes, ct16b0.o(i.__NVIC_EnableIRQ))
<BR><BR>[Called By]<UL><LI><a href="#[30]">&gt;&gt;</a>&nbsp;&nbsp;&nbsp;CT16B0_Init
</UL>

<P><STRONG><a name="[88]"></a>__NVIC_ClearPendingIRQ</STRONG> (Thumb, 18 bytes, Stack size 0 bytes, usbhw.o(i.__NVIC_ClearPendingIRQ))
<BR><BR>[Called By]<UL><LI><a href="#[aa]">&gt;&gt;</a>&nbsp;&nbsp;&nbsp;USB_Init
<LI><a href="#[18]">&gt;&gt;</a>&nbsp;&nbsp;&nbsp;P2_IRQHandler
</UL>

<P><STRONG><a name="[af]"></a>__NVIC_EnableIRQ</STRONG> (Thumb, 18 bytes, Stack size 0 bytes, usbhw.o(i.__NVIC_EnableIRQ))
<BR><BR>[Called By]<UL><LI><a href="#[aa]">&gt;&gt;</a>&nbsp;&nbsp;&nbsp;USB_Init
</UL>
<P>
<H3>
Undefined Global Symbols
</H3>
<P><STRONG><a name="[2e]"></a>_call_atexit_fns</STRONG> (ARM, 0 bytes, Stack size 0 bytes, UNDEFINED)
<BR><BR>[Called By]<UL><LI><a href="#[27]">&gt;&gt;</a>&nbsp;&nbsp;&nbsp;exit
</UL>
<HR></body></html>
