<html>
<body>
<pre>
<h1>µVision Build Log</h1>
<h2>Tool Versions:</h2>
IDE-Version: ¦ÌVision V5.18.0.0
Copyright (C) 2016 ARM Ltd and ARM Germany GmbH. All rights reserved.
License Information: s z, s, LIC=W962Z-JAQJB-GNWA5-GWSZG-BWKZ0-B22NA
 
Tool Versions:
Toolchain:       MDK-ARM Professional  Version: 5.18
Toolchain Path:  C:\Program Files (x86)\keil\Keil 5.18\ARM\ARMCC\Bin
C Compiler:      Armcc.exe V5.06 update 1 (build 61)
Assembler:       Armasm.exe V5.06 update 1 (build 61)
Linker/Locator:  ArmLink.exe V5.06 update 1 (build 61)
Library Manager: ArmAr.exe V5.06 update 1 (build 61)
Hex Converter:   FromElf.exe V5.06 update 1 (build 61)
CPU DLL:         SARMCM3.DLL V5.18
Dialog DLL:      DARMCM1.DLL V1.12.0.0
Target DLL:      Segger\JL2CM3.dll V2.99.18.0
Dialog DLL:      TARMCM1.DLL V1.9.0.0
 
<h2>Project:</h2>
C:\Slash\work\git_source\Galaxy_Mouse_3389\Galaxy_Mouse.uvprojx
Project File Date:  12/12/2017

<h2>Output:</h2>
*** Using Compiler 'V5.06 update 1 (build 61)', folder: 'C:\Program Files (x86)\keil\Keil 5.18\ARM\ARMCC\Bin'
Build target 'Mouse'
compiling variables.c...
compiling LED.c...
linking...
Program Size: Code=16776 RO-data=5816 RW-data=256 ZI-data=1152  
FromELF: creating hex file...
".\Objects\Galaxy_Mouse.axf" - 0 Error(s), 0 Warning(s).

<h2>Software Packages used:</h2>

Package Vendor: ARM
                http://www.keil.com/pack/ARM.CMSIS.5.1.0.pack
                ARM::CMSIS:CORE:5.0.2
                CMSIS (Cortex Microcontroller Software Interface Standard)
   * Component: CORE Version: 5.0.2

Package Vendor: SONiX
                http://liveupdate.sonix.com.tw/sonix/develop_tool/MCU/DFP/SONiX.SN32F2_DFP.1.2.8.pack
                SONiX::Device:Startup:1.1.0
                SONiX SN32F2 Series Device Support and Examples
   * Component: Startup Version: 1.1.0

<h2>Collection of Component include folders:</h2>
  C:\Slash\work\git_source\Galaxy_Mouse_3389\RTE
  C:\Program Files (x86)\keil\Keil 5.18\ARM\PACK\ARM\CMSIS\5.1.0\CMSIS\Include
  C:\Program Files (x86)\keil\Keil 5.18\ARM\PACK\SONiX\SN32F2_DFP\1.2.8\Device\Include

<h2>Collection of Component Files used:</h2>

   * Component: ARM::CMSIS:CORE:5.0.2

   * Component: SONiX::Device:Startup:1.1.0
      Source file:   Device\Source\system_SN32F240B.c
      Source file:   Device\Source\ARM\startup_SN32F240B.s
Build Time Elapsed:  00:00:02
</pre>
</body>
</html>
